2026-09-30 19:44:44.032 [INFO ] [main    ] [SESSION] started id=2026-09-30_19-44-44
2026-09-30 19:44:44.032 [INFO ] [main    ] [SESSION] directory=/home/lillo97/kart_performance_monitor/system_logs/sessions/2026-09-30_19-44-44
2026-09-30 19:44:44.033 [INFO ] [main    ] [SESSION] files=glo2-telemetry.log, boot.json, raw.jsonl, events.jsonl
2026-09-30 19:44:44.033 [INFO ] [main    ] === Kart Telemetry v2.1.1 starting ===
2026-09-30 19:44:44.033 [INFO ] [main    ] [main] hostname=raspberrypi pid=2778
2026-09-30 19:44:44.034 [INFO ] [main    ] [main] mqtt_client_id=RPi-KART-2ccf677d1465 broker=broker.hivemq.com:1883
2026-09-30 19:44:44.035 [INFO ] [main    ] [i2c] bus 1 opened
2026-09-30 19:44:44.035 [INFO ] [main    ] ====================================================
2026-09-30 19:44:44.036 [INFO ] [main    ] KART TELEMETRY - STARTUP CHECK
2026-09-30 19:44:44.036 [INFO ] [main    ] ====================================================
2026-09-30 19:44:44.036 [WARNING] [main    ] [check] NTC (ADC): no ADC
2026-09-30 19:44:44.037 [WARNING] [main    ] [check] AS5600 I2C: not found
2026-09-30 19:44:44.038 [INFO ] [main    ] [check] Garmin GLO2 verification in background
2026-09-30 19:44:44.038 [INFO ] [main    ] [check] WiFi verification in background
2026-09-30 19:44:44.038 [INFO ] [main    ] ====================================================
2026-09-30 19:44:44.490 [INFO ] [main    ] [wifi] active ssid=WINDTRE-E9B808 ip=192.168.1.25
2026-09-30 19:44:44.491 [INFO ] [main    ] [mqtt] connecting...
2026-09-30 19:44:44.604 [INFO ] [main    ] [wifi] keepalive started (ping gateway every 30s)
2026-09-30 19:44:44.608 [INFO ] [main    ] [gps] task started
2026-09-30 19:44:44.609 [INFO ] [main    ] [main] READY (watchdog armed, 30s)
2026-09-30 19:44:44.610 [INFO ] [main    ] [ntc] reading invalid (open circuit or disconnected)
2026-09-30 19:44:44.612 [WARNING] [main    ] [as5600] not detected at 0x36
2026-09-30 19:44:44.848 [INFO ] [main    ] [wifi] connected ssid=WINDTRE-E9B808 ip=192.168.1.25 mac=2c:cf:67:7d:14:65
2026-09-30 19:44:50.612 [WARNING] [main    ] [gps] connect failed: timed out; retry in 1.0s (attempt 1, next log in 300s if still failing)
2026-09-30 19:44:50.871 [INFO ] [main    ] [mqtt] connected (session_present=True)
2026-09-30 19:45:22.657 [WARNING] [main    ] [mqtt] disconnected rc=128 (unknown); paho will retry [total=1]
2026-09-30 19:45:29.012 [INFO ] [main    ] [mqtt] connected (session_present=True)
2026-09-30 19:47:05.485 [WARNING] [main    ] [mqtt] disconnected rc=141 (keepalive_timeout); paho will retry [total=2]
2026-09-30 19:47:10.792 [INFO ] [main    ] [mqtt] connected (session_present=True)
2026-09-30 19:47:27.162 [INFO ] [main    ] [main] signal 15 received, shutting down
2026-09-30 19:47:32.287 [INFO ] [session ] [SESSION] closed id=2026-09-30_19-44-44 reason=shutdown
2026-09-30 19:47:32.288 [INFO ] [main    ] === shutdown complete ===
