2026-10-03 20:13:11.191 [INFO ] [main    ] [SESSION] logger initialized in buffering mode
2026-10-03 20:13:11.192 [INFO ] [main    ] [SESSION] waiting for session start via MQTT
2026-10-03 20:13:11.192 [INFO ] [main    ] ============================================================
2026-10-03 20:13:11.193 [INFO ] [main    ] === SERVICE START v2.1.1 pid=661 at 2026-10-03 20:13:11 ===
2026-10-03 20:13:11.193 [INFO ] [main    ] ============================================================
2026-10-03 20:13:11.193 [INFO ] [main    ] [main] hostname=raspberrypi pid=661
2026-10-03 20:13:11.193 [INFO ] [main    ] [main] mqtt_client_id=RPi-KART-2ccf677d1465 broker=broker.hivemq.com:1883
2026-10-03 20:13:11.194 [INFO ] [main    ] [i2c] bus 1 opened
2026-10-03 20:13:11.195 [INFO ] [main    ] ====================================================
2026-10-03 20:13:11.195 [INFO ] [main    ] KART TELEMETRY - STARTUP CHECK
2026-10-03 20:13:11.195 [INFO ] [main    ] ====================================================
2026-10-03 20:13:11.195 [WARNING] [main    ] [check] NTC (ADC): no ADC
2026-10-03 20:13:11.196 [WARNING] [main    ] [check] AS5600 I2C: not found
2026-10-03 20:13:11.196 [INFO ] [main    ] [check] Garmin GLO2 verification in background
2026-10-03 20:13:11.197 [INFO ] [main    ] [check] WiFi verification in background
2026-10-03 20:13:11.197 [INFO ] [main    ] ====================================================
2026-10-03 20:13:11.631 [INFO ] [main    ] [wifi] active ssid=Galaxy A33 5G 2FBF ip=10.141.254.88
2026-10-03 20:13:11.633 [INFO ] [main    ] [mqtt] connecting...
2026-10-03 20:13:11.857 [INFO ] [main    ] [wifi] keepalive started (ping gateway every 30s)
2026-10-03 20:13:11.862 [INFO ] [main    ] [gps] task started
2026-10-03 20:13:11.862 [INFO ] [main    ] [main] READY (watchdog armed, 30s)
2026-10-03 20:13:11.863 [INFO ] [main    ] [ntc] reading invalid (open circuit or disconnected)
2026-10-03 20:13:11.864 [WARNING] [main    ] [as5600] not detected at 0x36
2026-10-03 20:13:11.900 [INFO ] [main    ] [mqtt] connected (session_present=True)
2026-10-03 20:13:12.115 [INFO ] [main    ] [wifi] connected ssid=Galaxy A33 5G 2FBF ip=10.141.254.88 mac=2c:cf:67:7d:14:65 rssi=-22 dBm
2026-10-03 20:13:17.865 [WARNING] [main    ] [gps] connect failed: timed out; retry in 1.0s (attempt 1, next log in 300s if still failing)
2026-10-03 20:13:18.914 [INFO ] [main    ] [gps] connected to 14:13:0B:C0:B2:1E (socket RFCOMM)
2026-10-03 20:13:18.981 [INFO ] [main    ] [gps] first NMEA: $GPRMC,182034.3,V,4529.670982,N,00912.38...
2026-10-03 20:21:02.251 [WARNING] [main    ] [wifi] connection lost
2026-10-03 20:23:04.339 [INFO ] [session ] [SESSION] started and saved to disk: /home/lillo97/kart_performance_monitor/system_logs/sessions/2026-10-03_20-23-04_3189d72b-3467-482a-8872-ea05a002ee2e
2026-10-03 20:23:04.340 [INFO ] [session ] [SESSION] session_guid=3189d72b-3467-482a-8872-ea05a002ee2e
2026-10-03 20:23:04.344 [INFO ] [main    ] [SESSION] received session_started, guid=3189d72b-3467-482a-8872-ea05a002ee2e
2026-10-03 20:23:04.345 [INFO ] [main    ] [SESSION] directory=/home/lillo97/kart_performance_monitor/system_logs/sessions/2026-10-03_20-23-04_3189d72b-3467-482a-8872-ea05a002ee2e
2026-10-03 20:23:04.346 [INFO ] [main    ] [SESSION] files=glo2-telemetry.log, boot.json, raw.jsonl, events.jsonl
2026-10-03 20:26:12.714 [WARNING] [main    ] [wifi] connection lost
2026-10-03 20:42:17.101 [WARNING] [main    ] [gps] no NMEA for 5.0s; force reconnect
2026-10-03 20:42:39.498 [INFO ] [main    ] [SESSION] received session_stopped, guid=3189d72b-3467-482a-8872-ea05a002ee2e
2026-10-03 20:42:39.938 [INFO ] [session ] [SESSION] stopped and saved: 2026-10-03_20-23-04_3189d72b-3467-482a-8872-ea05a002ee2e reason=mqtt_stop_command
2026-10-03 20:42:39.951 [INFO ] [session ] [SESSION] ready for next session (buffering mode)
2026-10-03 20:42:39.953 [INFO ] [main    ] [SESSION] session stopped, logging reverted to stdout
