2026-10-01 23:05:54.550 [INFO ] [main    ] [SESSION] started id=2026-10-01_23-05-54
2026-10-01 23:05:54.551 [INFO ] [main    ] [SESSION] directory=/home/lillo97/kart_performance_monitor/system_logs/sessions/2026-10-01_23-05-54
2026-10-01 23:05:54.551 [INFO ] [main    ] [SESSION] files=glo2-telemetry.log, boot.json, raw.jsonl, events.jsonl
2026-10-01 23:05:54.551 [INFO ] [main    ] === Kart Telemetry v2.1.1 starting ===
2026-10-01 23:05:54.552 [INFO ] [main    ] [main] hostname=raspberrypi pid=726
2026-10-01 23:05:54.552 [INFO ] [main    ] [main] mqtt_client_id=RPi-KART-2ccf677d1465 broker=broker.hivemq.com:1883
2026-10-01 23:05:54.554 [INFO ] [main    ] [i2c] bus 1 opened
2026-10-01 23:05:54.555 [INFO ] [main    ] ====================================================
2026-10-01 23:05:54.555 [INFO ] [main    ] KART TELEMETRY - STARTUP CHECK
2026-10-01 23:05:54.556 [INFO ] [main    ] ====================================================
2026-10-01 23:05:54.556 [WARNING] [main    ] [check] NTC (ADC): no ADC
2026-10-01 23:05:54.557 [WARNING] [main    ] [check] AS5600 I2C: not found
2026-10-01 23:05:54.558 [INFO ] [main    ] [check] Garmin GLO2 verification in background
2026-10-01 23:05:54.558 [INFO ] [main    ] [check] WiFi verification in background
2026-10-01 23:05:54.559 [INFO ] [main    ] ====================================================
2026-10-01 23:05:56.032 [INFO ] [main    ] [wifi] active ssid=WINDTRE-E9B808 ip=192.168.1.25
2026-10-01 23:05:56.034 [INFO ] [main    ] [mqtt] connecting...
2026-10-01 23:05:56.372 [INFO ] [main    ] [wifi] keepalive started (ping gateway every 5s)
2026-10-01 23:05:56.375 [INFO ] [main    ] [gps] task started
2026-10-01 23:05:56.376 [INFO ] [main    ] [main] READY (watchdog armed, 30s)
2026-10-01 23:05:56.377 [INFO ] [main    ] [ntc] reading invalid (open circuit or disconnected)
2026-10-01 23:05:56.380 [WARNING] [main    ] [as5600] not detected at 0x36
2026-10-01 23:05:56.391 [INFO ] [main    ] [mqtt] connected (session_present=False)
2026-10-01 23:05:56.588 [INFO ] [main    ] [wifi] connected ssid=WINDTRE-E9B808 ip=192.168.1.25 mac=2c:cf:67:7d:14:65
2026-10-01 23:06:02.380 [WARNING] [main    ] [gps] connect failed: timed out; retry in 1.0s (attempt 1, next log in 300s if still failing)
2026-10-01 23:06:30.327 [WARNING] [main    ] [wifi] no active connection
2026-10-02 11:34:09.274 [INFO ] [main    ] [wifi] connected ssid=WINDTRE-E9B808 ip=192.168.1.25 mac=2c:cf:67:7d:14:65
2026-10-02 11:34:24.577 [WARNING] [main    ] [mqtt] disconnected rc=141 (keepalive_timeout); paho will retry [total=1]
2026-10-02 11:34:44.996 [INFO ] [main    ] [mqtt] connected (session_present=True)
2026-10-02 11:35:06.063 [WARNING] [main    ] [mqtt] disconnected rc=141 (keepalive_timeout); paho will retry [total=3]
2026-10-02 11:35:14.853 [INFO ] [main    ] [mqtt] connected (session_present=True)
2026-10-02 11:36:09.268 [WARNING] [main    ] [mqtt] disconnected rc=141 (keepalive_timeout); paho will retry [total=5]
2026-10-02 11:36:10.485 [INFO ] [main    ] [mqtt] connected (session_present=True)
2026-10-02 11:37:52.148 [WARNING] [main    ] [mqtt] disconnected rc=141 (keepalive_timeout); paho will retry [total=7]
