2026-09-30 19:15:12.181 [INFO ] [main    ] [SESSION] started id=2026-09-30_19-15-12
2026-09-30 19:15:12.182 [INFO ] [main    ] [SESSION] directory=/home/lillo97/kart_performance_monitor/system_logs/sessions/2026-09-30_19-15-12
2026-09-30 19:15:12.183 [INFO ] [main    ] [SESSION] files=glo2-telemetry.log, boot.json, raw.jsonl, events.jsonl
2026-09-30 19:15:12.184 [INFO ] [main    ] === Kart Telemetry v2.1.1 starting ===
2026-09-30 19:15:12.185 [INFO ] [main    ] [main] hostname=raspberrypi pid=657
2026-09-30 19:15:12.186 [INFO ] [main    ] [main] mqtt_client_id=RPi-KART-2ccf677d1465 broker=broker.hivemq.com:1883
2026-09-30 19:15:12.189 [INFO ] [main    ] [i2c] bus 1 opened
2026-09-30 19:15:12.190 [INFO ] [main    ] ====================================================
2026-09-30 19:15:12.191 [INFO ] [main    ] KART TELEMETRY - STARTUP CHECK
2026-09-30 19:15:12.192 [INFO ] [main    ] ====================================================
2026-09-30 19:15:12.193 [WARNING] [main    ] [check] NTC (ADC): no ADC
2026-09-30 19:15:12.194 [WARNING] [main    ] [check] AS5600 I2C: not found
2026-09-30 19:15:12.196 [INFO ] [main    ] [check] Garmin GLO2 verification in background
2026-09-30 19:15:12.197 [INFO ] [main    ] [check] WiFi verification in background
2026-09-30 19:15:12.197 [INFO ] [main    ] ====================================================
2026-09-30 19:15:12.551 [INFO ] [main    ] [wifi] active ssid=WINDTRE-E9B808 ip=192.168.1.25
2026-09-30 19:15:12.553 [INFO ] [main    ] [mqtt] connecting...
2026-09-30 19:15:12.631 [INFO ] [main    ] [wifi] keepalive started (ping gateway every 30s)
2026-09-30 19:15:12.634 [INFO ] [main    ] [gps] task started
2026-09-30 19:15:12.636 [INFO ] [main    ] [main] READY (watchdog armed, 30s)
2026-09-30 19:15:12.647 [INFO ] [main    ] [ntc] reading invalid (open circuit or disconnected)
2026-09-30 19:15:12.649 [WARNING] [main    ] [as5600] not detected at 0x36
2026-09-30 19:15:12.659 [INFO ] [main    ] [mqtt] connected (session_present=False)
2026-09-30 19:15:12.854 [INFO ] [main    ] [wifi] connected ssid=WINDTRE-E9B808 ip=192.168.1.25 mac=2c:cf:67:7d:14:65
2026-09-30 19:15:18.635 [WARNING] [main    ] [gps] connect failed: timed out; retry in 1.0s (attempt 1, next log in 300s if still failing)
2026-09-30 19:16:26.154 [WARNING] [main    ] [wifi] no active connection
2026-09-30 19:16:36.486 [INFO ] [main    ] [wifi] connected ssid=WINDTRE-E9B808 ip=192.168.1.25 mac=2c:cf:67:7d:14:65
2026-09-30 19:16:41.481 [WARNING] [main    ] [mqtt] disconnected rc=128 (unknown); paho will retry [total=1]
2026-09-30 19:16:46.892 [INFO ] [main    ] [mqtt] connected (session_present=True)
2026-09-30 19:17:17.583 [WARNING] [main    ] [mqtt] disconnected rc=128 (unknown); paho will retry [total=2]
2026-09-30 19:17:34.761 [INFO ] [main    ] [mqtt] connected (session_present=True)
2026-09-30 19:17:58.155 [WARNING] [main    ] [mqtt] disconnected rc=128 (unknown); paho will retry [total=3]
2026-09-30 19:17:59.429 [INFO ] [main    ] [mqtt] connected (session_present=True)
2026-09-30 19:18:40.152 [WARNING] [main    ] [mqtt] disconnected rc=141 (keepalive_timeout); paho will retry [total=4]
2026-09-30 19:18:41.622 [INFO ] [main    ] [mqtt] connected (session_present=True)
2026-09-30 19:19:42.686 [WARNING] [main    ] [mqtt] disconnected rc=141 (keepalive_timeout); paho will retry [total=6]
2026-09-30 19:19:53.458 [INFO ] [main    ] [mqtt] connected (session_present=True)
2026-09-30 19:20:11.872 [WARNING] [main    ] [wifi] no active connection
2026-09-30 19:20:22.118 [WARNING] [main    ] [wifi] no active connection
2026-09-30 19:20:24.222 [WARNING] [main    ] [mqtt] disconnected rc=141 (keepalive_timeout); paho will retry [total=8]
2026-09-30 19:20:56.700 [WARNING] [main    ] [gps] connect failed: timed out; retry in 3.0s (attempt 52, next log in 300s if still failing)
