2026-09-30 18:24:13.945 [INFO ] [main    ] [SESSION] started id=2026-09-30_18-24-13
2026-09-30 18:24:13.945 [INFO ] [main    ] [SESSION] directory=/home/lillo97/kart_performance_monitor/system_logs/sessions/2026-09-30_18-24-13
2026-09-30 18:24:13.946 [INFO ] [main    ] [SESSION] files=glo2-telemetry.log, boot.json, raw.jsonl, events.jsonl
2026-09-30 18:24:13.946 [INFO ] [main    ] === Kart Telemetry v2.1.1 starting ===
2026-09-30 18:24:13.946 [INFO ] [main    ] [main] hostname=raspberrypi pid=7273
2026-09-30 18:24:13.947 [INFO ] [main    ] [main] mqtt_client_id=RPi-KART-2ccf677d1465 broker=broker.hivemq.com:1883
2026-09-30 18:24:13.948 [INFO ] [main    ] [i2c] bus 1 opened
2026-09-30 18:24:13.948 [INFO ] [main    ] ====================================================
2026-09-30 18:24:13.949 [INFO ] [main    ] KART TELEMETRY - STARTUP CHECK
2026-09-30 18:24:13.949 [INFO ] [main    ] ====================================================
2026-09-30 18:24:13.949 [WARNING] [main    ] [check] NTC (ADC): no ADC
2026-09-30 18:24:13.950 [WARNING] [main    ] [check] AS5600 I2C: not found
2026-09-30 18:24:13.950 [INFO ] [main    ] [check] Garmin GLO2 verification in background
2026-09-30 18:24:13.951 [INFO ] [main    ] [check] WiFi verification in background
2026-09-30 18:24:13.951 [INFO ] [main    ] ====================================================
2026-09-30 18:24:14.459 [INFO ] [main    ] [wifi] active ssid=WINDTRE-E9B808 ip=192.168.1.25
2026-09-30 18:24:14.461 [INFO ] [main    ] [mqtt] connecting...
2026-09-30 18:24:14.670 [INFO ] [main    ] [wifi] keepalive started (ping gateway every 30s)
2026-09-30 18:24:14.672 [INFO ] [main    ] [gps] task started
2026-09-30 18:24:14.680 [INFO ] [main    ] [main] READY (watchdog armed, 30s)
2026-09-30 18:24:14.681 [INFO ] [main    ] [ntc] reading invalid (open circuit or disconnected)
2026-09-30 18:24:14.682 [WARNING] [main    ] [as5600] not detected at 0x36
2026-09-30 18:24:14.926 [INFO ] [main    ] [wifi] connected ssid=WINDTRE-E9B808 ip=192.168.1.25 mac=2c:cf:67:7d:14:65
2026-09-30 18:24:15.898 [INFO ] [main    ] [mqtt] connected (session_present=False)
2026-09-30 18:24:20.676 [WARNING] [main    ] [gps] connect failed: timed out; retry in 1.0s (attempt 1, next log in 300s if still failing)
2026-09-30 18:25:14.926 [INFO ] [main    ] [main] signal 15 received, shutting down
2026-09-30 18:25:16.829 [INFO ] [session ] [SESSION] closed id=2026-09-30_18-24-13 reason=shutdown
2026-09-30 18:25:16.832 [INFO ] [main    ] === shutdown complete ===
