2026-10-02 12:29:05.076 [INFO ] [main    ] [SESSION] started id=2026-10-02_12-29-05
2026-10-02 12:29:05.077 [INFO ] [main    ] [SESSION] directory=/home/lillo97/kart_performance_monitor/system_logs/sessions/2026-10-02_12-29-05
2026-10-02 12:29:05.078 [INFO ] [main    ] [SESSION] files=glo2-telemetry.log, boot.json, raw.jsonl, events.jsonl
2026-10-02 12:29:05.079 [INFO ] [main    ] === Kart Telemetry v2.1.1 starting ===
2026-10-02 12:29:05.080 [INFO ] [main    ] [main] hostname=raspberrypi pid=660
2026-10-02 12:29:05.081 [INFO ] [main    ] [main] mqtt_client_id=RPi-KART-2ccf677d1465 broker=broker.hivemq.com:1883
2026-10-02 12:29:05.083 [INFO ] [main    ] [i2c] bus 1 opened
2026-10-02 12:29:05.084 [INFO ] [main    ] ====================================================
2026-10-02 12:29:05.084 [INFO ] [main    ] KART TELEMETRY - STARTUP CHECK
2026-10-02 12:29:05.085 [INFO ] [main    ] ====================================================
2026-10-02 12:29:05.086 [WARNING] [main    ] [check] NTC (ADC): no ADC
2026-10-02 12:29:05.087 [WARNING] [main    ] [check] AS5600 I2C: not found
2026-10-02 12:29:05.088 [INFO ] [main    ] [check] Garmin GLO2 verification in background
2026-10-02 12:29:05.088 [INFO ] [main    ] [check] WiFi verification in background
2026-10-02 12:29:05.089 [INFO ] [main    ] ====================================================
2026-10-02 12:29:05.444 [INFO ] [main    ] [wifi] active ssid=WINDTRE-E9B808 ip=192.168.1.25
2026-10-02 12:29:05.445 [INFO ] [main    ] [mqtt] connecting...
2026-10-02 12:29:05.569 [INFO ] [main    ] [wifi] keepalive started (ping gateway every 5s)
2026-10-02 12:29:05.573 [INFO ] [main    ] [gps] task started
2026-10-02 12:29:05.575 [INFO ] [main    ] [main] READY (watchdog armed, 30s)
2026-10-02 12:29:05.577 [INFO ] [main    ] [ntc] reading invalid (open circuit or disconnected)
2026-10-02 12:29:05.579 [WARNING] [main    ] [as5600] not detected at 0x36
2026-10-02 12:29:05.587 [INFO ] [main    ] [mqtt] connected (session_present=True)
2026-10-02 12:29:05.825 [INFO ] [main    ] [wifi] connected ssid=WINDTRE-E9B808 ip=192.168.1.25 mac=2c:cf:67:7d:14:65
2026-10-02 12:29:11.577 [WARNING] [main    ] [gps] connect failed: timed out; retry in 1.0s (attempt 1, next log in 300s if still failing)
2026-10-02 12:31:15.261 [WARNING] [main    ] [wifi] no active connection
2026-10-02 12:31:25.552 [INFO ] [main    ] [wifi] connected ssid=WINDTRE-E9B808 ip=192.168.1.25 mac=2c:cf:67:7d:14:65
2026-10-02 12:31:39.887 [WARNING] [main    ] [mqtt] disconnected rc=141 (keepalive_timeout); paho will retry [total=1]
2026-10-02 12:31:41.302 [INFO ] [main    ] [mqtt] connected (session_present=True)
2026-10-02 12:32:21.620 [WARNING] [main    ] [mqtt] disconnected rc=141 (keepalive_timeout); paho will retry [total=3]
2026-10-02 12:32:47.682 [INFO ] [main    ] [mqtt] connected (session_present=True)
2026-10-02 12:33:41.919 [WARNING] [main    ] [mqtt] disconnected rc=128 (unknown); paho will retry [total=5]
2026-10-02 12:34:23.161 [INFO ] [main    ] [mqtt] connected (session_present=True)
2026-10-02 12:35:28.294 [WARNING] [main    ] [mqtt] disconnected rc=128 (unknown); paho will retry [total=6]
2026-10-02 12:35:39.767 [INFO ] [main    ] [mqtt] connected (session_present=True)
2026-10-02 12:35:43.348 [WARNING] [main    ] [gps] connect failed: timed out; retry in 3.0s (attempt 52, next log in 300s if still failing)
2026-10-02 12:36:12.306 [INFO ] [main    ] [main] signal 15 received, shutting down
2026-10-02 12:36:13.661 [INFO ] [session ] [SESSION] closed id=2026-10-02_12-29-05 reason=shutdown
2026-10-02 12:36:13.662 [INFO ] [main    ] === shutdown complete ===
