2026-09-30 18:27:22.606 [INFO ] [main    ] [SESSION] started id=2026-09-30_18-27-22
2026-09-30 18:27:22.606 [INFO ] [main    ] [SESSION] directory=/home/lillo97/kart_performance_monitor/system_logs/sessions/2026-09-30_18-27-22
2026-09-30 18:27:22.607 [INFO ] [main    ] [SESSION] files=glo2-telemetry.log, boot.json, raw.jsonl, events.jsonl
2026-09-30 18:27:22.607 [INFO ] [main    ] === Kart Telemetry v2.1.1 starting ===
2026-09-30 18:27:22.608 [INFO ] [main    ] [main] hostname=raspberrypi pid=7440
2026-09-30 18:27:22.608 [INFO ] [main    ] [main] mqtt_client_id=RPi-KART-2ccf677d1465 broker=broker.hivemq.com:1883
2026-09-30 18:27:22.609 [INFO ] [main    ] [i2c] bus 1 opened
2026-09-30 18:27:22.610 [INFO ] [main    ] ====================================================
2026-09-30 18:27:22.610 [INFO ] [main    ] KART TELEMETRY - STARTUP CHECK
2026-09-30 18:27:22.610 [INFO ] [main    ] ====================================================
2026-09-30 18:27:22.611 [WARNING] [main    ] [check] NTC (ADC): no ADC
2026-09-30 18:27:22.612 [WARNING] [main    ] [check] AS5600 I2C: not found
2026-09-30 18:27:22.612 [INFO ] [main    ] [check] Garmin GLO2 verification in background
2026-09-30 18:27:22.612 [INFO ] [main    ] [check] WiFi verification in background
2026-09-30 18:27:22.613 [INFO ] [main    ] ====================================================
2026-09-30 18:27:22.872 [INFO ] [main    ] [wifi] active ssid=WINDTRE-E9B808 ip=192.168.1.25
2026-09-30 18:27:22.873 [INFO ] [main    ] [mqtt] connecting...
2026-09-30 18:27:22.984 [INFO ] [main    ] [wifi] keepalive started (ping gateway every 30s)
2026-09-30 18:27:22.988 [INFO ] [main    ] [gps] task started
2026-09-30 18:27:22.989 [INFO ] [main    ] [main] READY (watchdog armed, 30s)
2026-09-30 18:27:22.989 [INFO ] [main    ] [ntc] reading invalid (open circuit or disconnected)
2026-09-30 18:27:22.992 [WARNING] [main    ] [as5600] not detected at 0x36
2026-09-30 18:27:23.230 [INFO ] [main    ] [wifi] connected ssid=WINDTRE-E9B808 ip=192.168.1.25 mac=2c:cf:67:7d:14:65
2026-09-30 18:27:24.232 [INFO ] [main    ] [mqtt] connected (session_present=True)
2026-09-30 18:27:28.991 [WARNING] [main    ] [gps] connect failed: timed out; retry in 1.0s (attempt 1, next log in 300s if still failing)
2026-09-30 18:28:23.860 [WARNING] [main    ] [mqtt] disconnected rc=141 (keepalive_timeout); paho will retry [total=1]
2026-09-30 18:28:25.230 [INFO ] [main    ] [mqtt] connected (session_present=True)
2026-09-30 18:29:18.794 [WARNING] [main    ] [wifi] no active connection
2026-09-30 18:29:25.908 [WARNING] [main    ] [mqtt] disconnected rc=141 (keepalive_timeout); paho will retry [total=3]
2026-09-30 18:29:29.078 [INFO ] [main    ] [wifi] connected ssid=WINDTRE-E9B808 ip=192.168.1.25 mac=2c:cf:67:7d:14:65
2026-09-30 18:29:31.287 [INFO ] [main    ] [mqtt] connected (session_present=True)
2026-09-30 18:30:07.933 [WARNING] [main    ] [mqtt] disconnected rc=141 (keepalive_timeout); paho will retry [total=5]
2026-09-30 18:30:13.155 [INFO ] [main    ] [mqtt] connected (session_present=True)
2026-09-30 18:30:49.908 [WARNING] [main    ] [mqtt] disconnected rc=141 (keepalive_timeout); paho will retry [total=7]
2026-09-30 18:31:01.310 [INFO ] [main    ] [mqtt] connected (session_present=True)
2026-09-30 18:31:49.152 [WARNING] [main    ] [mqtt] disconnected rc=128 (unknown); paho will retry [total=9]
2026-09-30 18:31:55.260 [INFO ] [main    ] [mqtt] connected (session_present=True)
2026-09-30 18:32:29.015 [WARNING] [main    ] [gps] connect failed: timed out; retry in 3.0s (attempt 52, next log in 300s if still failing)
2026-09-30 18:32:31.175 [WARNING] [main    ] [mqtt] disconnected rc=141 (keepalive_timeout); paho will retry [total=10]
2026-09-30 18:32:43.233 [INFO ] [main    ] [mqtt] connected (session_present=True)
2026-09-30 18:33:16.643 [INFO ] [main    ] [main] signal 15 received, shutting down
2026-09-30 18:33:23.469 [INFO ] [session ] [SESSION] closed id=2026-09-30_18-27-22 reason=shutdown
2026-09-30 18:33:23.470 [INFO ] [main    ] === shutdown complete ===
