2026-09-30 01:07:08.697 [INFO ] [main    ] [SESSION] started id=2026-09-30_01-07-08
2026-09-30 01:07:08.697 [INFO ] [main    ] [SESSION] directory=/home/lillo97/kart_performance_monitor/system_logs/sessions/2026-09-30_01-07-08
2026-09-30 01:07:08.698 [INFO ] [main    ] [SESSION] files=glo2-telemetry.log, boot.json, raw.jsonl, events.jsonl
2026-09-30 01:07:08.699 [INFO ] [main    ] === Kart Telemetry v2.1.0 starting ===
2026-09-30 01:07:08.700 [INFO ] [main    ] [main] hostname=raspberrypi pid=662
2026-09-30 01:07:08.700 [INFO ] [main    ] [main] mqtt_client_id=RPi-KART-2ccf677d1465 broker=broker.hivemq.com:1883
2026-09-30 01:07:08.701 [INFO ] [main    ] [i2c] bus 1 opened
2026-09-30 01:07:08.702 [INFO ] [main    ] ====================================================
2026-09-30 01:07:08.702 [INFO ] [main    ] KART TELEMETRY - STARTUP CHECK
2026-09-30 01:07:08.702 [INFO ] [main    ] ====================================================
2026-09-30 01:07:08.703 [WARNING] [main    ] [check] NTC (ADC): no ADC
2026-09-30 01:07:08.704 [WARNING] [main    ] [check] AS5600 I2C: not found
2026-09-30 01:07:08.704 [INFO ] [main    ] [check] Garmin GLO2 verification in background
2026-09-30 01:07:08.705 [INFO ] [main    ] [check] WiFi verification in background
2026-09-30 01:07:08.705 [INFO ] [main    ] ====================================================
2026-09-30 01:07:09.088 [INFO ] [main    ] [wifi] active ssid=iPhone di Livio ip=172.20.10.2
2026-09-30 01:07:09.090 [INFO ] [main    ] [mqtt] connecting...
2026-09-30 01:07:09.258 [INFO ] [main    ] [gps] task started
2026-09-30 01:07:09.259 [INFO ] [main    ] [main] READY (watchdog armed, 30s)
2026-09-30 01:07:09.260 [INFO ] [main    ] [ntc] reading invalid (open circuit or disconnected)
2026-09-30 01:07:09.266 [WARNING] [main    ] [as5600] not detected at 0x36
2026-09-30 01:07:09.297 [INFO ] [main    ] [mqtt] connected (session_present=False)
2026-09-30 01:07:09.510 [INFO ] [main    ] [wifi] connected ssid=iPhone di Livio ip=172.20.10.2 mac=2c:cf:67:7d:14:65
2026-09-30 01:07:15.259 [WARNING] [main    ] [gps] connect failed: timed out; retry in 1.0s
2026-09-30 01:07:17.380 [WARNING] [main    ] [gps] connect failed: [Errno 112] Host is down; retry in 1.5s
2026-09-30 01:07:21.887 [WARNING] [main    ] [gps] connect failed: timed out; retry in 2.2s
2026-09-30 01:07:27.141 [WARNING] [main    ] [gps] connect failed: timed out; retry in 3.0s
2026-09-30 11:10:04.389 [WARNING] [main    ] [gps] connect failed: timed out; retry in 3.0s
2026-09-30 11:10:10.394 [WARNING] [main    ] [gps] connect failed: timed out; retry in 3.0s
2026-09-30 11:10:15.857 [WARNING] [main    ] [wifi] no active connection
2026-09-30 11:10:16.398 [WARNING] [main    ] [gps] connect failed: timed out; retry in 3.0s
2026-09-30 11:10:22.403 [WARNING] [main    ] [gps] connect failed: timed out; retry in 3.0s
2026-09-30 11:10:26.170 [INFO ] [main    ] [wifi] connected ssid=iPhone di Livio ip=172.20.10.2 mac=2c:cf:67:7d:14:65
2026-09-30 11:10:28.406 [WARNING] [main    ] [gps] connect failed: timed out; retry in 3.0s
2026-09-30 11:10:34.411 [WARNING] [main    ] [gps] connect failed: timed out; retry in 3.0s
2026-09-30 11:10:40.414 [WARNING] [main    ] [gps] connect failed: timed out; retry in 3.0s
2026-09-30 11:10:41.706 [WARNING] [main    ] [mqtt] disconnected rc=141 (unknown); paho will retry
2026-09-30 11:10:41.709 [WARNING] [main    ] [mqtt] disconnected rc=141 (unknown); paho will retry
2026-09-30 11:10:46.417 [WARNING] [main    ] [gps] connect failed: timed out; retry in 3.0s
2026-09-30 11:10:49.759 [INFO ] [main    ] [mqtt] connected (session_present=True)
2026-09-30 11:10:51.641 [WARNING] [main    ] [gps] connect failed: timed out; retry in 3.0s
2026-09-30 11:10:57.646 [WARNING] [main    ] [gps] connect failed: timed out; retry in 3.0s
2026-09-30 11:11:03.651 [WARNING] [main    ] [gps] connect failed: timed out; retry in 3.0s
2026-09-30 11:11:09.656 [WARNING] [main    ] [gps] connect failed: timed out; retry in 3.0s
2026-09-30 11:11:15.660 [WARNING] [main    ] [gps] connect failed: timed out; retry in 3.0s
2026-09-30 11:11:21.665 [WARNING] [main    ] [gps] connect failed: timed out; retry in 3.0s
2026-09-30 11:11:23.335 [WARNING] [main    ] [mqtt] disconnected rc=141 (unknown); paho will retry
2026-09-30 11:11:23.337 [WARNING] [main    ] [mqtt] disconnected rc=141 (unknown); paho will retry
2026-09-30 11:11:27.671 [WARNING] [main    ] [gps] connect failed: timed out; retry in 3.0s
2026-09-30 11:11:33.675 [WARNING] [main    ] [gps] connect failed: timed out; retry in 3.0s
2026-09-30 11:11:40.422 [WARNING] [main    ] [gps] connect failed: timed out; retry in 3.0s
2026-09-30 11:11:44.181 [INFO ] [main    ] [mqtt] connected (session_present=True)
2026-09-30 11:11:46.427 [WARNING] [main    ] [gps] connect failed: timed out; retry in 3.0s
2026-09-30 11:11:52.432 [WARNING] [main    ] [gps] connect failed: timed out; retry in 3.0s
2026-09-30 11:11:58.438 [WARNING] [main    ] [gps] connect failed: timed out; retry in 3.0s
2026-09-30 11:12:04.443 [WARNING] [main    ] [gps] connect failed: timed out; retry in 3.0s
2026-09-30 11:12:05.242 [WARNING] [main    ] [mqtt] disconnected rc=141 (unknown); paho will retry
2026-09-30 11:12:05.244 [WARNING] [main    ] [mqtt] disconnected rc=141 (unknown); paho will retry
2026-09-30 11:12:10.448 [WARNING] [main    ] [gps] connect failed: timed out; retry in 3.0s
2026-09-30 11:12:13.414 [INFO ] [main    ] [mqtt] connected (session_present=True)
2026-09-30 11:12:16.460 [WARNING] [main    ] [gps] connect failed: timed out; retry in 3.0s
2026-09-30 11:12:22.465 [WARNING] [main    ] [gps] connect failed: timed out; retry in 3.0s
2026-09-30 11:12:28.470 [WARNING] [main    ] [gps] connect failed: timed out; retry in 3.0s
2026-09-30 11:12:34.472 [WARNING] [main    ] [gps] connect failed: timed out; retry in 3.0s
2026-09-30 11:12:40.475 [WARNING] [main    ] [gps] connect failed: timed out; retry in 3.0s
2026-09-30 11:12:46.479 [WARNING] [main    ] [gps] connect failed: timed out; retry in 3.0s
2026-09-30 11:12:47.774 [WARNING] [main    ] [mqtt] disconnected rc=141 (unknown); paho will retry
2026-09-30 11:12:47.775 [WARNING] [main    ] [mqtt] disconnected rc=141 (unknown); paho will retry
2026-09-30 11:12:49.284 [INFO ] [main    ] [mqtt] connected (session_present=True)
2026-09-30 11:12:52.484 [WARNING] [main    ] [gps] connect failed: timed out; retry in 3.0s
2026-09-30 11:12:58.489 [WARNING] [main    ] [gps] connect failed: timed out; retry in 3.0s
2026-09-30 11:13:04.493 [WARNING] [main    ] [gps] connect failed: timed out; retry in 3.0s
2026-09-30 11:13:10.498 [WARNING] [main    ] [gps] connect failed: timed out; retry in 3.0s
2026-09-30 11:13:16.502 [WARNING] [main    ] [gps] connect failed: timed out; retry in 3.0s
2026-09-30 11:13:22.507 [WARNING] [main    ] [gps] connect failed: timed out; retry in 3.0s
2026-09-30 11:13:28.511 [WARNING] [main    ] [gps] connect failed: timed out; retry in 3.0s
2026-09-30 11:13:29.470 [WARNING] [main    ] [mqtt] disconnected rc=141 (unknown); paho will retry
2026-09-30 11:13:29.472 [WARNING] [main    ] [mqtt] disconnected rc=141 (unknown); paho will retry
2026-09-30 11:13:34.516 [WARNING] [main    ] [gps] connect failed: timed out; retry in 3.0s
2026-09-30 11:13:36.898 [INFO ] [main    ] [mqtt] connected (session_present=True)
2026-09-30 11:13:40.520 [WARNING] [main    ] [gps] connect failed: timed out; retry in 3.0s
2026-09-30 11:13:46.523 [WARNING] [main    ] [gps] connect failed: timed out; retry in 3.0s
2026-09-30 11:13:52.528 [WARNING] [main    ] [gps] connect failed: timed out; retry in 3.0s
2026-09-30 11:13:58.532 [WARNING] [main    ] [gps] connect failed: timed out; retry in 3.0s
2026-09-30 11:14:04.537 [WARNING] [main    ] [gps] connect failed: timed out; retry in 3.0s
2026-09-30 11:14:10.539 [WARNING] [main    ] [gps] connect failed: timed out; retry in 3.0s
2026-09-30 11:14:16.544 [WARNING] [main    ] [gps] connect failed: timed out; retry in 3.0s
2026-09-30 11:14:22.549 [WARNING] [main    ] [gps] connect failed: timed out; retry in 3.0s
2026-09-30 11:14:28.554 [WARNING] [main    ] [gps] connect failed: timed out; retry in 3.0s
2026-09-30 11:14:31.415 [WARNING] [main    ] [mqtt] disconnected rc=141 (unknown); paho will retry
2026-09-30 11:14:31.418 [WARNING] [main    ] [mqtt] disconnected rc=141 (unknown); paho will retry
2026-09-30 11:14:34.558 [WARNING] [main    ] [gps] connect failed: timed out; retry in 3.0s
2026-09-30 11:14:37.076 [INFO ] [main    ] [mqtt] connected (session_present=True)
2026-09-30 11:14:40.560 [WARNING] [main    ] [gps] connect failed: timed out; retry in 3.0s
2026-09-30 11:14:46.565 [WARNING] [main    ] [gps] connect failed: timed out; retry in 3.0s
2026-09-30 11:14:52.566 [WARNING] [main    ] [gps] connect failed: timed out; retry in 3.0s
2026-09-30 11:14:58.571 [WARNING] [main    ] [gps] connect failed: timed out; retry in 3.0s
2026-09-30 11:15:04.576 [WARNING] [main    ] [gps] connect failed: timed out; retry in 3.0s
2026-09-30 11:15:10.581 [WARNING] [main    ] [gps] connect failed: timed out; retry in 3.0s
2026-09-30 11:15:13.420 [WARNING] [main    ] [mqtt] disconnected rc=141 (unknown); paho will retry
2026-09-30 11:15:13.422 [WARNING] [main    ] [mqtt] disconnected rc=141 (unknown); paho will retry
2026-09-30 11:15:16.586 [WARNING] [main    ] [gps] connect failed: timed out; retry in 3.0s
2026-09-30 11:15:22.590 [WARNING] [main    ] [gps] connect failed: timed out; retry in 3.0s
2026-09-30 11:15:26.328 [WARNING] [main    ] [wifi] no active connection
2026-09-30 11:15:28.595 [WARNING] [main    ] [gps] connect failed: timed out; retry in 3.0s
2026-09-30 11:15:34.597 [WARNING] [main    ] [mqtt] disconnected rc=141 (unknown); paho will retry
2026-09-30 11:15:34.599 [WARNING] [main    ] [gps] connect failed: timed out; retry in 3.0s
2026-09-30 11:15:36.603 [INFO ] [main    ] [wifi] connected ssid=iPhone di Livio ip=172.20.10.2 mac=2c:cf:67:7d:14:65
2026-09-30 11:15:40.603 [WARNING] [main    ] [gps] connect failed: timed out; retry in 3.0s
2026-09-30 11:15:46.606 [WARNING] [main    ] [gps] connect failed: timed out; retry in 3.0s
2026-09-30 11:15:48.858 [INFO ] [main    ] [mqtt] connected (session_present=True)
2026-09-30 11:15:52.609 [WARNING] [main    ] [gps] connect failed: timed out; retry in 3.0s
2026-09-30 11:15:58.614 [WARNING] [main    ] [gps] connect failed: timed out; retry in 3.0s
2026-09-30 11:16:04.166 [WARNING] [main    ] [gps] connect failed: timed out; retry in 3.0s
2026-09-30 11:16:10.171 [WARNING] [main    ] [gps] connect failed: timed out; retry in 3.0s
2026-09-30 11:16:16.176 [WARNING] [main    ] [gps] connect failed: timed out; retry in 3.0s
2026-09-30 11:16:17.018 [WARNING] [main    ] [mqtt] disconnected rc=141 (unknown); paho will retry
2026-09-30 11:16:17.020 [WARNING] [main    ] [mqtt] disconnected rc=141 (unknown); paho will retry
2026-09-30 11:16:19.142 [INFO ] [main    ] [mqtt] connected (session_present=True)
2026-09-30 11:16:22.179 [WARNING] [main    ] [gps] connect failed: timed out; retry in 3.0s
2026-09-30 11:16:28.184 [WARNING] [main    ] [gps] connect failed: timed out; retry in 3.0s
2026-09-30 11:16:34.189 [WARNING] [main    ] [gps] connect failed: timed out; retry in 3.0s
2026-09-30 11:16:40.194 [WARNING] [main    ] [gps] connect failed: timed out; retry in 3.0s
2026-09-30 11:16:46.199 [WARNING] [main    ] [gps] connect failed: timed out; retry in 3.0s
2026-09-30 11:16:52.204 [WARNING] [main    ] [gps] connect failed: timed out; retry in 3.0s
2026-09-30 11:16:58.209 [WARNING] [main    ] [gps] connect failed: timed out; retry in 3.0s
2026-09-30 11:16:58.892 [WARNING] [main    ] [mqtt] disconnected rc=141 (unknown); paho will retry
2026-09-30 11:16:58.893 [WARNING] [main    ] [mqtt] disconnected rc=141 (unknown); paho will retry
2026-09-30 11:17:00.566 [INFO ] [main    ] [mqtt] connected (session_present=True)
2026-09-30 11:17:04.211 [WARNING] [main    ] [gps] connect failed: timed out; retry in 3.0s
2026-09-30 11:17:10.215 [WARNING] [main    ] [gps] connect failed: timed out; retry in 3.0s
2026-09-30 11:17:16.220 [WARNING] [main    ] [gps] connect failed: timed out; retry in 3.0s
2026-09-30 11:17:22.224 [WARNING] [main    ] [gps] connect failed: timed out; retry in 3.0s
2026-09-30 11:17:28.230 [WARNING] [main    ] [gps] connect failed: timed out; retry in 3.0s
2026-09-30 11:17:34.232 [WARNING] [main    ] [gps] connect failed: timed out; retry in 3.0s
2026-09-30 11:17:40.006 [WARNING] [main    ] [mqtt] disconnected rc=141 (unknown); paho will retry
2026-09-30 11:17:40.008 [WARNING] [main    ] [mqtt] disconnected rc=141 (unknown); paho will retry
2026-09-30 11:17:40.236 [WARNING] [main    ] [gps] connect failed: timed out; retry in 3.0s
2026-09-30 11:17:46.241 [WARNING] [main    ] [gps] connect failed: timed out; retry in 3.0s
2026-09-30 11:17:52.243 [WARNING] [main    ] [gps] connect failed: timed out; retry in 3.0s
2026-09-30 11:17:54.819 [INFO ] [main    ] [mqtt] connected (session_present=True)
2026-09-30 11:17:58.248 [WARNING] [main    ] [gps] connect failed: timed out; retry in 3.0s
2026-09-30 11:18:04.252 [WARNING] [main    ] [gps] connect failed: timed out; retry in 3.0s
2026-09-30 11:18:07.330 [INFO ] [main    ] [gps] connected to 14:13:0B:C0:B2:1E (socket RFCOMM)
2026-09-30 11:18:07.378 [INFO ] [main    ] [gps] first NMEA: $GPRMC,090923.7,V,4529.643598,N,00912.35...
2026-09-30 11:20:36.164 [WARNING] [main    ] [wifi] no active connection
2026-09-30 11:20:46.441 [INFO ] [main    ] [wifi] connected ssid=iPhone di Livio ip=172.20.10.2 mac=2c:cf:67:7d:14:65
2026-09-30 11:22:51.009 [INFO ] [main    ] [main] signal 15 received, shutting down
2026-09-30 11:22:52.057 [INFO ] [session ] [SESSION] closed id=2026-09-30_01-07-08 reason=shutdown
2026-09-30 11:22:52.058 [INFO ] [main    ] === shutdown complete ===
