2026-10-02 11:52:18.306 [INFO ] [main    ] [SESSION] started id=2026-10-02_11-52-18
2026-10-02 11:52:18.306 [INFO ] [main    ] [SESSION] directory=/home/lillo97/kart_performance_monitor/system_logs/sessions/2026-10-02_11-52-18
2026-10-02 11:52:18.307 [INFO ] [main    ] [SESSION] files=glo2-telemetry.log, boot.json, raw.jsonl, events.jsonl
2026-10-02 11:52:18.307 [INFO ] [main    ] === Kart Telemetry v2.1.1 starting ===
2026-10-02 11:52:18.308 [INFO ] [main    ] [main] hostname=raspberrypi pid=668
2026-10-02 11:52:18.308 [INFO ] [main    ] [main] mqtt_client_id=RPi-KART-2ccf677d1465 broker=broker.hivemq.com:1883
2026-10-02 11:52:18.310 [INFO ] [main    ] [i2c] bus 1 opened
2026-10-02 11:52:18.311 [INFO ] [main    ] ====================================================
2026-10-02 11:52:18.311 [INFO ] [main    ] KART TELEMETRY - STARTUP CHECK
2026-10-02 11:52:18.312 [INFO ] [main    ] ====================================================
2026-10-02 11:52:18.313 [WARNING] [main    ] [check] NTC (ADC): no ADC
2026-10-02 11:52:18.314 [WARNING] [main    ] [check] AS5600 I2C: not found
2026-10-02 11:52:18.315 [INFO ] [main    ] [check] Garmin GLO2 verification in background
2026-10-02 11:52:18.315 [INFO ] [main    ] [check] WiFi verification in background
2026-10-02 11:52:18.316 [INFO ] [main    ] ====================================================
2026-10-02 11:52:19.468 [INFO ] [main    ] [wifi] active ssid=iPhone di Livio ip=172.20.10.2
2026-10-02 11:52:19.470 [INFO ] [main    ] [mqtt] connecting...
2026-10-02 11:52:20.143 [INFO ] [main    ] [wifi] keepalive started (ping gateway every 5s)
2026-10-02 11:52:20.148 [INFO ] [main    ] [gps] task started
2026-10-02 11:52:20.150 [INFO ] [main    ] [main] READY (watchdog armed, 30s)
2026-10-02 11:52:20.152 [INFO ] [main    ] [ntc] reading invalid (open circuit or disconnected)
2026-10-02 11:52:20.158 [WARNING] [main    ] [as5600] not detected at 0x36
2026-10-02 11:52:20.199 [INFO ] [main    ] [mqtt] connected (session_present=True)
2026-10-02 11:52:21.359 [INFO ] [main    ] [wifi] connected ssid=iPhone di Livio ip=172.20.10.2 mac=2c:cf:67:7d:14:65
2026-10-02 11:52:26.158 [WARNING] [main    ] [gps] connect failed: timed out; retry in 1.0s (attempt 1, next log in 300s if still failing)
2026-10-02 11:54:43.691 [WARNING] [main    ] [mqtt] disconnected rc=141 (keepalive_timeout); paho will retry [total=1]
2026-10-02 11:54:58.035 [INFO ] [main    ] [mqtt] connected (session_present=True)
2026-10-02 11:55:45.662 [WARNING] [main    ] [mqtt] disconnected rc=141 (keepalive_timeout); paho will retry [total=3]
2026-10-02 11:56:16.050 [INFO ] [main    ] [mqtt] connected (session_present=True)
2026-10-02 11:56:52.974 [WARNING] [main    ] [mqtt] disconnected rc=141 (keepalive_timeout); paho will retry [total=6]
2026-10-02 11:56:58.287 [INFO ] [main    ] [mqtt] connected (session_present=True)
2026-10-02 11:57:30.129 [WARNING] [main    ] [mqtt] disconnected rc=128 (unknown); paho will retry [total=8]
2026-10-02 11:57:48.391 [INFO ] [main    ] [mqtt] connected (session_present=True)
2026-10-02 11:58:11.640 [WARNING] [main    ] [mqtt] disconnected rc=141 (keepalive_timeout); paho will retry [total=9]
2026-10-02 11:58:16.124 [INFO ] [main    ] [mqtt] connected (session_present=True)
