2026-10-04 10:46:59.380 [INFO ] [main    ] [SESSION] logger initialized in buffering mode
2026-10-04 10:46:59.380 [INFO ] [main    ] [SESSION] waiting for session start via MQTT
2026-10-04 10:46:59.380 [INFO ] [main    ] ============================================================
2026-10-04 10:46:59.380 [INFO ] [main    ] === SERVICE START v2.1.1 pid=1970 at 2026-10-04 10:46:59 ===
2026-10-04 10:46:59.381 [INFO ] [main    ] ============================================================
2026-10-04 10:46:59.381 [INFO ] [main    ] [main] hostname=raspberrypi pid=1970
2026-10-04 10:46:59.381 [INFO ] [main    ] [main] mqtt_client_id=RPi-KART-2ccf677d1465 broker=broker.hivemq.com:1883
2026-10-04 10:46:59.382 [INFO ] [main    ] [i2c] bus 1 opened
2026-10-04 10:46:59.382 [INFO ] [main    ] ====================================================
2026-10-04 10:46:59.383 [INFO ] [main    ] KART TELEMETRY - STARTUP CHECK
2026-10-04 10:46:59.383 [INFO ] [main    ] ====================================================
2026-10-04 10:46:59.383 [WARNING] [main    ] [check] NTC (ADC): no ADC
2026-10-04 10:46:59.387 [WARNING] [main    ] [check] AS5600 I2C: not found
2026-10-04 10:46:59.387 [INFO ] [main    ] [check] Garmin GLO2 verification in background
2026-10-04 10:46:59.388 [INFO ] [main    ] [check] WiFi verification in background
2026-10-04 10:46:59.388 [INFO ] [main    ] ====================================================
2026-10-04 10:46:59.616 [INFO ] [main    ] [wifi] active ssid=Galaxy A33 5G 2FBF ip=10.141.254.88
2026-10-04 10:46:59.617 [INFO ] [main    ] [mqtt] connecting...
2026-10-04 10:46:59.758 [INFO ] [main    ] [wifi] keepalive started (ping gateway + MQTT heartbeat every 5s)
2026-10-04 10:46:59.759 [INFO ] [main    ] [gps] task started
2026-10-04 10:46:59.760 [INFO ] [main    ] [main] READY (watchdog armed, 30s)
2026-10-04 10:46:59.760 [INFO ] [main    ] [ntc] reading invalid (open circuit or disconnected)
2026-10-04 10:46:59.761 [WARNING] [main    ] [as5600] not detected at 0x36
2026-10-04 10:46:59.803 [INFO ] [main    ] [mqtt] connected (session_present=True)
2026-10-04 10:47:00.005 [INFO ] [main    ] [wifi] connected ssid=Galaxy A33 5G 2FBF ip=10.141.254.88 mac=2c:cf:67:7d:14:65 rssi=-19 dBm
2026-10-04 10:47:03.867 [INFO ] [main    ] [gps] connected to 14:13:0B:C0:B2:1E (socket RFCOMM)
2026-10-04 10:47:03.963 [INFO ] [main    ] [gps] first NMEA: $GPRMC,084705.7,V,4529.649784,N,00912.36...
2026-10-04 10:48:14.386 [WARNING] [main    ] [wifi] connection lost
2026-10-04 10:52:02.970 [INFO ] [session ] [SESSION] started and saved to disk: /home/lillo97/kart_performance_monitor/system_logs/sessions/2026-10-04_10-52-02_a3b744cb-6cf4-4d19-80ec-71f9418513e5
2026-10-04 10:52:02.971 [INFO ] [session ] [SESSION] session_guid=a3b744cb-6cf4-4d19-80ec-71f9418513e5
2026-10-04 10:52:02.972 [INFO ] [main    ] [SESSION] received session_started, guid=a3b744cb-6cf4-4d19-80ec-71f9418513e5
2026-10-04 10:52:02.973 [INFO ] [main    ] [SESSION] directory=/home/lillo97/kart_performance_monitor/system_logs/sessions/2026-10-04_10-52-02_a3b744cb-6cf4-4d19-80ec-71f9418513e5
2026-10-04 10:52:02.973 [INFO ] [main    ] [SESSION] files=glo2-telemetry.log, boot.json, raw.jsonl, events.jsonl
2026-10-04 10:52:59.185 [INFO ] [main    ] [as5600] detected at 0x36 (magnet_detected=False)
2026-10-04 10:52:59.197 [WARNING] [main    ] [as5600] not detected at 0x36
2026-10-04 10:53:24.675 [WARNING] [main    ] [wifi] connection lost
2026-10-04 10:56:10.443 [INFO ] [main    ] [SESSION] received session_stopped, guid=a3b744cb-6cf4-4d19-80ec-71f9418513e5
2026-10-04 10:56:10.532 [INFO ] [session ] [SESSION] stopped and saved: 2026-10-04_10-52-02_a3b744cb-6cf4-4d19-80ec-71f9418513e5 reason=mqtt_stop_command
2026-10-04 10:56:10.535 [INFO ] [session ] [SESSION] ready for next session (buffering mode)
2026-10-04 10:56:10.536 [INFO ] [main    ] [SESSION] session stopped, logging reverted to stdout
2026-10-04 10:58:34.874 [WARNING] [main    ] [wifi] connection lost
2026-10-04 11:03:45.244 [WARNING] [main    ] [wifi] connection lost
