2026-09-29 01:24:18.642 [INFO ] [main    ] [SESSION] started id=2026-09-29_01-24-18
2026-09-29 01:24:18.643 [INFO ] [main    ] [SESSION] directory=/home/lillo97/kart_performance_monitor/system_logs/sessions/2026-09-29_01-24-18
2026-09-29 01:24:18.643 [INFO ] [main    ] [SESSION] files=glo2-telemetry.log, boot.json, raw.jsonl, events.jsonl
2026-09-29 01:24:18.644 [INFO ] [main    ] === Kart Telemetry v2.1.0 starting ===
2026-09-29 01:24:18.644 [INFO ] [main    ] [main] hostname=raspberrypi pid=664
2026-09-29 01:24:18.645 [INFO ] [main    ] [main] mqtt_client_id=RPi-KART-2ccf677d1465 broker=broker.hivemq.com:1883
2026-09-29 01:24:18.646 [INFO ] [main    ] [i2c] bus 1 opened
2026-09-29 01:24:18.646 [INFO ] [main    ] ====================================================
2026-09-29 01:24:18.647 [INFO ] [main    ] KART TELEMETRY - STARTUP CHECK
2026-09-29 01:24:18.647 [INFO ] [main    ] ====================================================
2026-09-29 01:24:18.647 [WARNING] [main    ] [check] NTC (ADC): no ADC
2026-09-29 01:24:18.648 [WARNING] [main    ] [check] AS5600 I2C: not found
2026-09-29 01:24:18.649 [INFO ] [main    ] [check] Garmin GLO2 verification in background
2026-09-29 01:24:18.649 [INFO ] [main    ] [check] WiFi verification in background
2026-09-29 01:24:18.649 [INFO ] [main    ] ====================================================
2026-09-29 01:24:19.261 [INFO ] [main    ] [wifi] active ssid=iPhone di Livio ip=172.20.10.2
2026-09-29 01:24:19.263 [INFO ] [main    ] [mqtt] connecting...
2026-09-29 01:24:19.454 [INFO ] [main    ] [gps] task started
2026-09-29 01:24:19.455 [INFO ] [main    ] [main] READY (watchdog armed, 30s)
2026-09-29 01:24:19.456 [INFO ] [main    ] [ntc] reading invalid (open circuit or disconnected)
2026-09-29 01:24:19.459 [WARNING] [main    ] [as5600] not detected at 0x36
2026-09-29 01:24:19.528 [INFO ] [main    ] [mqtt] connected (session_present=True)
2026-09-29 01:24:19.708 [INFO ] [main    ] [wifi] connected ssid=iPhone di Livio ip=172.20.10.2 mac=2c:cf:67:7d:14:65
2026-09-29 01:24:25.584 [WARNING] [main    ] [gps] connect failed: timed out; retry in 1.0s
2026-09-29 01:24:26.720 [INFO ] [main    ] [gps] connected to 14:13:0B:C0:B2:1E (socket RFCOMM)
2026-09-29 01:24:26.758 [INFO ] [main    ] [gps] first NMEA: $GPRMC,232504.7,V,4529.655909,N,00912.26...
2026-09-29 01:24:32.801 [WARNING] [main    ] [wifi] no active connection
2026-09-29 01:25:22.412 [INFO ] [main    ] [wifi] connected ssid=iPhone di Livio ip=172.20.10.2 mac=2c:cf:67:7d:14:65
2026-09-29 01:25:35.488 [WARNING] [main    ] [wifi] no active connection
2026-09-29 01:25:45.805 [INFO ] [main    ] [wifi] connected ssid=iPhone di Livio ip=172.20.10.2 mac=2c:cf:67:7d:14:65
2026-09-29 01:30:45.933 [WARNING] [main    ] [wifi] no active connection
2026-09-29 01:30:56.358 [INFO ] [main    ] [wifi] connected ssid=iPhone di Livio ip=172.20.10.2 mac=2c:cf:67:7d:14:65
2026-09-29 01:41:06.013 [WARNING] [main    ] [wifi] no active connection
2026-09-29 01:41:13.338 [INFO ] [main    ] [main] signal 15 received, shutting down
2026-09-29 01:41:13.546 [INFO ] [session ] [SESSION] closed id=2026-09-29_01-24-18 reason=shutdown
2026-09-29 01:41:13.547 [INFO ] [main    ] === shutdown complete ===
