2026-09-29 01:45:28.850 [INFO ] [main    ] [SESSION] started id=2026-09-29_01-45-28
2026-09-29 01:45:28.851 [INFO ] [main    ] [SESSION] directory=/home/lillo97/kart_performance_monitor/system_logs/sessions/2026-09-29_01-45-28
2026-09-29 01:45:28.851 [INFO ] [main    ] [SESSION] files=glo2-telemetry.log, boot.json, raw.jsonl, events.jsonl
2026-09-29 01:45:28.852 [INFO ] [main    ] === Kart Telemetry v2.1.0 starting ===
2026-09-29 01:45:28.853 [INFO ] [main    ] [main] hostname=raspberrypi pid=665
2026-09-29 01:45:28.853 [INFO ] [main    ] [main] mqtt_client_id=RPi-KART-2ccf677d1465 broker=broker.hivemq.com:1883
2026-09-29 01:45:28.855 [INFO ] [main    ] [i2c] bus 1 opened
2026-09-29 01:45:28.856 [INFO ] [main    ] ====================================================
2026-09-29 01:45:28.856 [INFO ] [main    ] KART TELEMETRY - STARTUP CHECK
2026-09-29 01:45:28.857 [INFO ] [main    ] ====================================================
2026-09-29 01:45:28.857 [WARNING] [main    ] [check] NTC (ADC): no ADC
2026-09-29 01:45:28.858 [WARNING] [main    ] [check] AS5600 I2C: not found
2026-09-29 01:45:28.859 [INFO ] [main    ] [check] Garmin GLO2 verification in background
2026-09-29 01:45:28.859 [INFO ] [main    ] [check] WiFi verification in background
2026-09-29 01:45:28.859 [INFO ] [main    ] ====================================================
2026-09-29 01:45:29.240 [INFO ] [main    ] [wifi] active ssid=iPhone di Livio ip=172.20.10.2
2026-09-29 01:45:29.241 [INFO ] [main    ] [mqtt] connecting...
2026-09-29 01:45:29.407 [INFO ] [main    ] [gps] task started
2026-09-29 01:45:29.409 [INFO ] [main    ] [main] READY (watchdog armed, 30s)
2026-09-29 01:45:29.414 [INFO ] [main    ] [ntc] reading invalid (open circuit or disconnected)
2026-09-29 01:45:29.416 [WARNING] [main    ] [as5600] not detected at 0x36
2026-09-29 01:45:29.737 [INFO ] [main    ] [wifi] connected ssid=iPhone di Livio ip=172.20.10.2 mac=2c:cf:67:7d:14:65
2026-09-29 01:45:35.332 [INFO ] [main    ] [gps] connected to 14:13:0B:C0:B2:1E (socket RFCOMM)
2026-09-29 01:45:35.341 [INFO ] [main    ] [gps] first NMEA: $GPRMC,113423.1,A,4529.626479,N,00912.40...
2026-09-29 01:45:37.004 [INFO ] [main    ] [mqtt] connected (session_present=False)
2026-09-29 13:34:54.701 [WARNING] [main    ] [wifi] no active connection
2026-09-29 13:35:05.046 [INFO ] [main    ] [wifi] connected ssid=iPhone di Livio ip=172.20.10.2 mac=2c:cf:67:7d:14:65
2026-09-29 13:35:57.557 [WARNING] [main    ] [mqtt] disconnected rc=141 (unknown); paho will retry
2026-09-29 13:35:57.559 [WARNING] [main    ] [mqtt] disconnected rc=141 (unknown); paho will retry
2026-09-29 13:35:58.945 [INFO ] [main    ] [mqtt] connected (session_present=True)
2026-09-29 13:40:05.014 [WARNING] [main    ] [wifi] no active connection
2026-09-29 13:40:15.365 [INFO ] [main    ] [wifi] connected ssid=iPhone di Livio ip=172.20.10.2 mac=2c:cf:67:7d:14:65
2026-09-29 13:45:15.144 [WARNING] [main    ] [wifi] no active connection
2026-09-29 13:45:25.370 [INFO ] [main    ] [wifi] connected ssid=iPhone di Livio ip=172.20.10.2 mac=2c:cf:67:7d:14:65
