2026-09-29 19:23:06.584 [INFO ] [main    ] [SESSION] started id=2026-09-29_19-23-06
2026-09-29 19:23:06.586 [INFO ] [main    ] [SESSION] directory=/home/lillo97/kart_performance_monitor/system_logs/sessions/2026-09-29_19-23-06
2026-09-29 19:23:06.586 [INFO ] [main    ] [SESSION] files=glo2-telemetry.log, boot.json, raw.jsonl, events.jsonl
2026-09-29 19:23:06.587 [INFO ] [main    ] === Kart Telemetry v2.1.0 starting ===
2026-09-29 19:23:06.587 [INFO ] [main    ] [main] hostname=raspberrypi pid=668
2026-09-29 19:23:06.588 [INFO ] [main    ] [main] mqtt_client_id=RPi-KART-2ccf677d1465 broker=broker.hivemq.com:1883
2026-09-29 19:23:06.590 [INFO ] [main    ] [i2c] bus 1 opened
2026-09-29 19:23:06.591 [INFO ] [main    ] ====================================================
2026-09-29 19:23:06.591 [INFO ] [main    ] KART TELEMETRY - STARTUP CHECK
2026-09-29 19:23:06.592 [INFO ] [main    ] ====================================================
2026-09-29 19:23:06.592 [WARNING] [main    ] [check] NTC (ADC): no ADC
2026-09-29 19:23:06.594 [WARNING] [main    ] [check] AS5600 I2C: not found
2026-09-29 19:23:06.594 [INFO ] [main    ] [check] Garmin GLO2 verification in background
2026-09-29 19:23:06.595 [INFO ] [main    ] [check] WiFi verification in background
2026-09-29 19:23:06.595 [INFO ] [main    ] ====================================================
2026-09-29 19:23:07.348 [INFO ] [main    ] [wifi] active ssid=iPhone di Livio ip=172.20.10.2
2026-09-29 19:23:07.349 [INFO ] [main    ] [mqtt] connecting...
2026-09-29 19:23:07.749 [INFO ] [main    ] [gps] task started
2026-09-29 19:23:07.750 [INFO ] [main    ] [main] READY (watchdog armed, 30s)
2026-09-29 19:23:07.752 [INFO ] [main    ] [ntc] reading invalid (open circuit or disconnected)
2026-09-29 19:23:07.754 [WARNING] [main    ] [as5600] not detected at 0x36
2026-09-29 19:23:07.822 [INFO ] [main    ] [mqtt] connected (session_present=False)
2026-09-29 19:23:09.104 [INFO ] [main    ] [wifi] connected ssid=iPhone di Livio ip=172.20.10.2 mac=2c:cf:67:7d:14:65
2026-09-29 19:23:13.898 [WARNING] [main    ] [gps] connect failed: timed out; retry in 1.0s
2026-09-29 19:23:15.022 [INFO ] [main    ] [gps] connected to 14:13:0B:C0:B2:1E (socket RFCOMM)
2026-09-29 19:23:15.115 [INFO ] [main    ] [gps] first NMEA: $GPRMC,172425.8,A,4529.640669,N,00912.40...
2026-09-29 19:24:56.934 [WARNING] [main    ] [wifi] no active connection
2026-09-29 19:25:07.236 [INFO ] [main    ] [wifi] connected ssid=iPhone di Livio ip=172.20.10.2 mac=2c:cf:67:7d:14:65
2026-09-29 19:28:53.252 [INFO ] [main    ] [as5600] detected at 0x36 (magnet_detected=False)
2026-09-29 19:28:53.266 [WARNING] [main    ] [as5600] not detected at 0x36
2026-09-29 19:30:07.678 [WARNING] [main    ] [wifi] no active connection
2026-09-29 19:30:18.001 [INFO ] [main    ] [wifi] connected ssid=iPhone di Livio ip=172.20.10.2 mac=2c:cf:67:7d:14:65
