2026-10-01 13:53:13.820 [INFO ] [main    ] [SESSION] started id=2026-10-01_13-53-13
2026-10-01 13:53:13.821 [INFO ] [main    ] [SESSION] directory=/home/lillo97/kart_performance_monitor/system_logs/sessions/2026-10-01_13-53-13
2026-10-01 13:53:13.821 [INFO ] [main    ] [SESSION] files=glo2-telemetry.log, boot.json, raw.jsonl, events.jsonl
2026-10-01 13:53:13.821 [INFO ] [main    ] === Kart Telemetry v2.1.1 starting ===
2026-10-01 13:53:13.822 [INFO ] [main    ] [main] hostname=raspberrypi pid=663
2026-10-01 13:53:13.822 [INFO ] [main    ] [main] mqtt_client_id=RPi-KART-2ccf677d1465 broker=broker.hivemq.com:1883
2026-10-01 13:53:13.824 [INFO ] [main    ] [i2c] bus 1 opened
2026-10-01 13:53:13.824 [INFO ] [main    ] ====================================================
2026-10-01 13:53:13.825 [INFO ] [main    ] KART TELEMETRY - STARTUP CHECK
2026-10-01 13:53:13.825 [INFO ] [main    ] ====================================================
2026-10-01 13:53:13.826 [WARNING] [main    ] [check] NTC (ADC): no ADC
2026-10-01 13:53:13.827 [WARNING] [main    ] [check] AS5600 I2C: not found
2026-10-01 13:53:13.827 [INFO ] [main    ] [check] Garmin GLO2 verification in background
2026-10-01 13:53:13.828 [INFO ] [main    ] [check] WiFi verification in background
2026-10-01 13:53:13.828 [INFO ] [main    ] ====================================================
2026-10-01 13:53:14.201 [INFO ] [main    ] [wifi] active ssid=iPhone di Livio ip=172.20.10.2
2026-10-01 13:53:14.203 [INFO ] [main    ] [mqtt] connecting...
2026-10-01 13:53:14.491 [INFO ] [main    ] [wifi] keepalive started (ping gateway every 5s)
2026-10-01 13:53:14.493 [INFO ] [main    ] [gps] task started
2026-10-01 13:53:14.495 [INFO ] [main    ] [main] READY (watchdog armed, 30s)
2026-10-01 13:53:14.496 [INFO ] [main    ] [ntc] reading invalid (open circuit or disconnected)
2026-10-01 13:53:14.500 [WARNING] [main    ] [as5600] not detected at 0x36
2026-10-01 13:53:14.525 [INFO ] [main    ] [mqtt] connected (session_present=False)
2026-10-01 13:53:14.734 [INFO ] [main    ] [wifi] connected ssid=iPhone di Livio ip=172.20.10.2 mac=2c:cf:67:7d:14:65
2026-10-01 13:53:20.497 [WARNING] [main    ] [gps] connect failed: timed out; retry in 1.0s (attempt 1, next log in 300s if still failing)
2026-10-01 13:53:21.533 [INFO ] [main    ] [gps] connected to 14:13:0B:C0:B2:1E (socket RFCOMM)
2026-10-01 13:53:21.628 [INFO ] [main    ] [gps] first NMEA: $GPRMC,174220.1,V,4529.052035,N,00909.16...
2026-10-01 19:42:47.884 [WARNING] [main    ] [wifi] no active connection
2026-10-01 19:42:58.224 [INFO ] [main    ] [wifi] connected ssid=iPhone di Livio ip=172.20.10.2 mac=2c:cf:67:7d:14:65
2026-10-01 19:43:05.518 [INFO ] [session ] [SESSION] associated session_guid=93e94dca-e9fa-49f0-bcad-19e2909a3cf5
2026-10-01 19:43:05.535 [INFO ] [main    ] [SESSION] received session_guid=93e94dca-e9fa-49f0-bcad-19e2909a3cf5
2026-10-01 19:47:57.681 [WARNING] [main    ] [wifi] no active connection
2026-10-01 19:48:07.901 [INFO ] [main    ] [wifi] connected ssid=iPhone di Livio ip=172.20.10.2 mac=2c:cf:67:7d:14:65
