2026-10-01 01:52:47.738 [INFO ] [main    ] [SESSION] started id=2026-10-01_01-52-47
2026-10-01 01:52:47.739 [INFO ] [main    ] [SESSION] directory=/home/lillo97/kart_performance_monitor/system_logs/sessions/2026-10-01_01-52-47
2026-10-01 01:52:47.740 [INFO ] [main    ] [SESSION] files=glo2-telemetry.log, boot.json, raw.jsonl, events.jsonl
2026-10-01 01:52:47.741 [INFO ] [main    ] === Kart Telemetry v2.1.1 starting ===
2026-10-01 01:52:47.741 [INFO ] [main    ] [main] hostname=raspberrypi pid=662
2026-10-01 01:52:47.742 [INFO ] [main    ] [main] mqtt_client_id=RPi-KART-2ccf677d1465 broker=broker.hivemq.com:1883
2026-10-01 01:52:47.743 [INFO ] [main    ] [i2c] bus 1 opened
2026-10-01 01:52:47.743 [INFO ] [main    ] ====================================================
2026-10-01 01:52:47.744 [INFO ] [main    ] KART TELEMETRY - STARTUP CHECK
2026-10-01 01:52:47.744 [INFO ] [main    ] ====================================================
2026-10-01 01:52:47.744 [WARNING] [main    ] [check] NTC (ADC): no ADC
2026-10-01 01:52:47.745 [WARNING] [main    ] [check] AS5600 I2C: not found
2026-10-01 01:52:47.746 [INFO ] [main    ] [check] Garmin GLO2 verification in background
2026-10-01 01:52:47.747 [INFO ] [main    ] [check] WiFi verification in background
2026-10-01 01:52:47.747 [INFO ] [main    ] ====================================================
2026-10-01 01:52:48.135 [INFO ] [main    ] [wifi] active ssid=iPhone di Livio ip=172.20.10.2
2026-10-01 01:52:48.136 [INFO ] [main    ] [mqtt] connecting...
2026-10-01 01:52:48.367 [INFO ] [main    ] [wifi] keepalive started (ping gateway every 30s)
2026-10-01 01:52:48.370 [INFO ] [main    ] [gps] task started
2026-10-01 01:52:48.372 [INFO ] [main    ] [main] READY (watchdog armed, 30s)
2026-10-01 01:52:48.373 [INFO ] [main    ] [ntc] reading invalid (open circuit or disconnected)
2026-10-01 01:52:48.378 [WARNING] [main    ] [as5600] not detected at 0x36
2026-10-01 01:52:48.420 [INFO ] [main    ] [mqtt] connected (session_present=False)
2026-10-01 01:52:48.611 [INFO ] [main    ] [wifi] connected ssid=iPhone di Livio ip=172.20.10.2 mac=2c:cf:67:7d:14:65
2026-10-01 01:52:52.733 [INFO ] [main    ] [gps] connected to 14:13:0B:C0:B2:1E (socket RFCOMM)
2026-10-01 01:52:52.853 [INFO ] [main    ] [gps] first NMEA: $GPRMC,085436.5,V,4529.648511,N,00912.37...
2026-10-01 10:55:04.698 [WARNING] [main    ] [wifi] no active connection
2026-10-01 10:55:15.031 [INFO ] [main    ] [wifi] connected ssid=iPhone di Livio ip=172.20.10.2 mac=2c:cf:67:7d:14:65
2026-10-01 11:00:08.177 [INFO ] [session ] [SESSION] associated session_guid=33ceab34-0f61-41fd-93fa-9324d902573d
2026-10-01 11:00:08.187 [INFO ] [main    ] [SESSION] received session_guid=33ceab34-0f61-41fd-93fa-9324d902573d
2026-10-01 11:00:16.719 [WARNING] [main    ] [wifi] no active connection
2026-10-01 11:00:26.934 [INFO ] [main    ] [wifi] connected ssid=iPhone di Livio ip=172.20.10.2 mac=2c:cf:67:7d:14:65
2026-10-01 11:03:44.736 [INFO ] [session ] [SESSION] associated session_guid=ca07f9ee-d756-4313-bf5b-882c57adf3fb
