2026-10-05 19:12:01.376 [INFO ] [main    ] [SESSION] logger initialized in buffering mode
2026-10-05 19:12:01.377 [INFO ] [main    ] [SESSION] waiting for session start via MQTT
2026-10-05 19:12:01.377 [INFO ] [main    ] ============================================================
2026-10-05 19:12:01.377 [INFO ] [main    ] === SERVICE START v2.1.1 pid=660 at 2026-10-05 19:12:01 ===
2026-10-05 19:12:01.378 [INFO ] [main    ] ============================================================
2026-10-05 19:12:01.378 [INFO ] [main    ] [main] hostname=raspberrypi pid=660
2026-10-05 19:12:01.379 [INFO ] [main    ] [main] mqtt_client_id=RPi-KART-2ccf677d1465 broker=broker.hivemq.com:1883
2026-10-05 19:12:01.380 [INFO ] [main    ] [i2c] bus 1 opened
2026-10-05 19:12:01.380 [INFO ] [main    ] ====================================================
2026-10-05 19:12:01.381 [INFO ] [main    ] KART TELEMETRY - STARTUP CHECK
2026-10-05 19:12:01.381 [INFO ] [main    ] ====================================================
2026-10-05 19:12:01.381 [WARNING] [main    ] [check] NTC (ADC): no ADC
2026-10-05 19:12:01.382 [WARNING] [main    ] [check] AS5600 I2C: not found
2026-10-05 19:12:01.383 [INFO ] [main    ] [check] Garmin GLO2 verification in background
2026-10-05 19:12:01.383 [INFO ] [main    ] [check] WiFi verification in background
2026-10-05 19:12:01.383 [INFO ] [main    ] ====================================================
2026-10-05 19:12:01.869 [INFO ] [main    ] [wifi] active ssid=Galaxy A33 5G 2FBF ip=10.141.254.88
2026-10-05 19:12:01.871 [INFO ] [main    ] [mqtt] connecting...
2026-10-05 19:12:02.022 [INFO ] [main    ] [wifi] keepalive started (ping gateway + MQTT heartbeat every 5s)
2026-10-05 19:12:02.024 [INFO ] [main    ] [gps] task started
2026-10-05 19:12:02.024 [INFO ] [main    ] [main] READY (watchdog armed, 30s)
2026-10-05 19:12:02.025 [INFO ] [main    ] [ntc] reading invalid (open circuit or disconnected)
2026-10-05 19:12:02.027 [WARNING] [main    ] [as5600] not detected at 0x36
2026-10-05 19:12:02.088 [INFO ] [main    ] [mqtt] connected (session_present=False)
2026-10-05 19:12:02.276 [INFO ] [main    ] [wifi] connected ssid=Galaxy A33 5G 2FBF ip=10.141.254.88 mac=2c:cf:67:7d:14:65 rssi=-15 dBm
2026-10-05 19:12:06.239 [INFO ] [main    ] [gps] connected to 14:13:0B:C0:B2:1E (socket RFCOMM)
2026-10-05 19:12:06.282 [INFO ] [main    ] [gps] first NMEA: $GPRMC,115017.1,V,4529.644760,N,00912.41...
2026-10-06 13:51:11.956 [INFO ] [session ] [SESSION] started and saved to disk: /home/lillo97/kart_performance_monitor/system_logs/sessions/2026-10-06_13-51-11_0f331797-8fad-4f34-bf8f-6820eb4bf8e1
2026-10-06 13:51:11.956 [INFO ] [session ] [SESSION] session_guid=0f331797-8fad-4f34-bf8f-6820eb4bf8e1
2026-10-06 13:51:11.961 [INFO ] [main    ] [SESSION] received session_started, guid=0f331797-8fad-4f34-bf8f-6820eb4bf8e1
2026-10-06 13:51:11.962 [INFO ] [main    ] [SESSION] directory=/home/lillo97/kart_performance_monitor/system_logs/sessions/2026-10-06_13-51-11_0f331797-8fad-4f34-bf8f-6820eb4bf8e1
2026-10-06 13:51:11.962 [INFO ] [main    ] [SESSION] files=glo2-telemetry.log, boot.json, raw.jsonl, events.jsonl
