2026-10-01 11:42:56.556 [INFO ] [main    ] [SESSION] started id=2026-10-01_11-42-56
2026-10-01 11:42:56.557 [INFO ] [main    ] [SESSION] directory=/home/lillo97/kart_performance_monitor/system_logs/sessions/2026-10-01_11-42-56
2026-10-01 11:42:56.558 [INFO ] [main    ] [SESSION] files=glo2-telemetry.log, boot.json, raw.jsonl, events.jsonl
2026-10-01 11:42:56.558 [INFO ] [main    ] === Kart Telemetry v2.1.1 starting ===
2026-10-01 11:42:56.559 [INFO ] [main    ] [main] hostname=raspberrypi pid=675
2026-10-01 11:42:56.560 [INFO ] [main    ] [main] mqtt_client_id=RPi-KART-2ccf677d1465 broker=broker.hivemq.com:1883
2026-10-01 11:42:56.562 [INFO ] [main    ] [i2c] bus 1 opened
2026-10-01 11:42:56.562 [INFO ] [main    ] ====================================================
2026-10-01 11:42:56.563 [INFO ] [main    ] KART TELEMETRY - STARTUP CHECK
2026-10-01 11:42:56.563 [INFO ] [main    ] ====================================================
2026-10-01 11:42:56.564 [WARNING] [main    ] [check] NTC (ADC): no ADC
2026-10-01 11:42:56.565 [WARNING] [main    ] [check] AS5600 I2C: not found
2026-10-01 11:42:56.565 [INFO ] [main    ] [check] Garmin GLO2 verification in background
2026-10-01 11:42:56.566 [INFO ] [main    ] [check] WiFi verification in background
2026-10-01 11:42:56.566 [INFO ] [main    ] ====================================================
2026-10-01 11:42:57.406 [INFO ] [main    ] [wifi] active ssid=iPhone di Livio ip=172.20.10.2
2026-10-01 11:42:57.407 [INFO ] [main    ] [mqtt] connecting...
2026-10-01 11:42:57.880 [INFO ] [main    ] [wifi] keepalive started (ping gateway every 5s)
2026-10-01 11:42:57.885 [INFO ] [main    ] [gps] task started
2026-10-01 11:42:57.886 [INFO ] [main    ] [main] READY (watchdog armed, 30s)
2026-10-01 11:42:57.887 [INFO ] [main    ] [ntc] reading invalid (open circuit or disconnected)
2026-10-01 11:42:57.889 [WARNING] [main    ] [as5600] not detected at 0x36
2026-10-01 11:42:59.617 [INFO ] [main    ] [wifi] connected ssid=iPhone di Livio ip=172.20.10.2 mac=2c:cf:67:7d:14:65
2026-10-01 11:43:01.503 [INFO ] [main    ] [gps] connected to 14:13:0B:C0:B2:1E (socket RFCOMM)
2026-10-01 11:43:01.549 [INFO ] [main    ] [gps] first NMEA: $GPRMC,113613.8,A,4529.626683,N,00912.41...
2026-10-01 11:43:05.785 [INFO ] [main    ] [mqtt] connected (session_present=False)
2026-10-01 13:38:47.733 [INFO ] [session ] [SESSION] associated session_guid=fabf31ec-11b1-492b-b5b0-6e967aa56359
2026-10-01 13:38:47.746 [INFO ] [main    ] [SESSION] received session_guid=fabf31ec-11b1-492b-b5b0-6e967aa56359
2026-10-01 13:41:47.681 [WARNING] [main    ] [wifi] no active connection
2026-10-01 13:41:57.899 [INFO ] [main    ] [wifi] connected ssid=iPhone di Livio ip=172.20.10.2 mac=2c:cf:67:7d:14:65
2026-10-01 13:52:07.809 [WARNING] [main    ] [wifi] no active connection
2026-10-01 13:52:18.068 [INFO ] [main    ] [wifi] connected ssid=iPhone di Livio ip=172.20.10.2 mac=2c:cf:67:7d:14:65
