2026-09-29 19:33:15.644 [INFO ] [main    ] [SESSION] started id=2026-09-29_19-33-15
2026-09-29 19:33:15.644 [INFO ] [main    ] [SESSION] directory=/home/lillo97/kart_performance_monitor/system_logs/sessions/2026-09-29_19-33-15
2026-09-29 19:33:15.645 [INFO ] [main    ] [SESSION] files=glo2-telemetry.log, boot.json, raw.jsonl, events.jsonl
2026-09-29 19:33:15.645 [INFO ] [main    ] === Kart Telemetry v2.1.0 starting ===
2026-09-29 19:33:15.646 [INFO ] [main    ] [main] hostname=raspberrypi pid=664
2026-09-29 19:33:15.646 [INFO ] [main    ] [main] mqtt_client_id=RPi-KART-2ccf677d1465 broker=broker.hivemq.com:1883
2026-09-29 19:33:15.647 [INFO ] [main    ] [i2c] bus 1 opened
2026-09-29 19:33:15.648 [INFO ] [main    ] ====================================================
2026-09-29 19:33:15.648 [INFO ] [main    ] KART TELEMETRY - STARTUP CHECK
2026-09-29 19:33:15.649 [INFO ] [main    ] ====================================================
2026-09-29 19:33:15.649 [WARNING] [main    ] [check] NTC (ADC): no ADC
2026-09-29 19:33:15.650 [WARNING] [main    ] [check] AS5600 I2C: not found
2026-09-29 19:33:15.650 [INFO ] [main    ] [check] Garmin GLO2 verification in background
2026-09-29 19:33:15.651 [INFO ] [main    ] [check] WiFi verification in background
2026-09-29 19:33:15.651 [INFO ] [main    ] ====================================================
2026-09-29 19:33:16.095 [INFO ] [main    ] [wifi] active ssid=iPhone di Livio ip=172.20.10.2
2026-09-29 19:33:16.097 [INFO ] [main    ] [mqtt] connecting...
2026-09-29 19:33:16.472 [INFO ] [main    ] [gps] task started
2026-09-29 19:33:16.474 [INFO ] [main    ] [main] READY (watchdog armed, 30s)
2026-09-29 19:33:16.475 [INFO ] [main    ] [ntc] reading invalid (open circuit or disconnected)
2026-09-29 19:33:16.477 [WARNING] [main    ] [as5600] not detected at 0x36
2026-09-29 19:33:16.796 [INFO ] [main    ] [wifi] connected ssid=iPhone di Livio ip=172.20.10.2 mac=2c:cf:67:7d:14:65
2026-09-29 19:33:20.576 [INFO ] [main    ] [gps] connected to 14:13:0B:C0:B2:1E (socket RFCOMM)
2026-09-29 19:33:20.698 [INFO ] [main    ] [gps] first NMEA: $GPRMC,190552.5,A,4530.296340,N,00911.94...
2026-09-29 19:33:24.486 [INFO ] [main    ] [mqtt] connected (session_present=False)
2026-09-29 21:06:27.483 [WARNING] [main    ] [wifi] no active connection
2026-09-29 21:06:37.813 [INFO ] [main    ] [wifi] connected ssid=iPhone di Livio ip=172.20.10.2 mac=2c:cf:67:7d:14:65
2026-09-29 21:11:38.088 [WARNING] [main    ] [wifi] no active connection
2026-09-29 21:11:48.515 [INFO ] [main    ] [wifi] connected ssid=iPhone di Livio ip=172.20.10.2 mac=2c:cf:67:7d:14:65
