2026-09-29 00:46:19.773 [INFO ] [main    ] test import OK
2026-09-29 00:46:19.795 [INFO ] [session ] [SESSION] started id=2026-09-29_00-46-19
2026-09-29 00:46:19.796 [INFO ] [session ] [SESSION] boot=2026-09-29_00-46-19_boot.json
2026-09-29 00:46:19.797 [INFO ] [session ] [SESSION] raw=2026-09-29_00-46-19_raw.jsonl
2026-09-29 00:46:19.798 [INFO ] [session ] [SESSION] events=2026-09-29_00-46-19_events.jsonl
2026-09-29 00:46:19.809 [INFO ] [session ] [SESSION] closed id=2026-09-29_00-46-19 reason=shutdown
2026-09-29 00:50:20.601 [WARNING] [main    ] RPi.GPIO non disponibile: IR RPM disabilitato.
2026-09-29 00:50:20.610 [WARNING] [main    ] Nessun ADC rilevato: NTC disabilitata
2026-09-29 00:50:20.612 [INFO ] [main    ] === Kart Telemetry v2.1.0 starting ===
2026-09-29 00:50:20.613 [INFO ] [main    ] [main] hostname=raspberrypi pid=2053
2026-09-29 00:50:20.614 [INFO ] [main    ] [main] mqtt_client_id=RPi-KART-2ccf677d1465 broker=broker.hivemq.com:1883
2026-09-29 00:50:20.641 [INFO ] [session ] [SESSION] started id=2026-09-29_00-50-20
2026-09-29 00:50:20.642 [INFO ] [session ] [SESSION] boot=2026-09-29_00-50-20_boot.json
2026-09-29 00:50:20.642 [INFO ] [session ] [SESSION] raw=2026-09-29_00-50-20_raw.jsonl
2026-09-29 00:50:20.643 [INFO ] [session ] [SESSION] events=2026-09-29_00-50-20_events.jsonl
2026-09-29 00:50:20.644 [INFO ] [main    ] [i2c] bus 1 opened
2026-09-29 00:50:20.644 [INFO ] [main    ] ====================================================
2026-09-29 00:50:20.645 [INFO ] [main    ] KART TELEMETRY - STARTUP CHECK
2026-09-29 00:50:20.645 [INFO ] [main    ] ====================================================
2026-09-29 00:50:20.646 [WARNING] [main    ] [check] NTC (ADC): no ADC
2026-09-29 00:50:20.647 [WARNING] [main    ] [check] AS5600 I2C: not found
2026-09-29 00:50:20.647 [INFO ] [main    ] [check] Garmin GLO2 verification in background
2026-09-29 00:50:20.647 [INFO ] [main    ] [check] WiFi verification in background
2026-09-29 00:50:20.648 [INFO ] [main    ] ====================================================
2026-09-29 00:50:21.434 [INFO ] [main    ] [wifi] active ssid=iPhone di Livio ip=172.20.10.2
2026-09-29 00:50:21.436 [INFO ] [main    ] [mqtt] connecting...
2026-09-29 00:50:21.984 [INFO ] [main    ] [gps] task started
2026-09-29 00:50:21.985 [INFO ] [main    ] [main] READY (watchdog armed, 30s)
2026-09-29 00:50:21.986 [INFO ] [main    ] [ntc] reading invalid (open circuit or disconnected)
2026-09-29 00:50:21.988 [WARNING] [main    ] [as5600] not detected at 0x36
2026-09-29 00:50:22.044 [INFO ] [main    ] [mqtt] connected (session_present=True)
2026-09-29 00:50:22.349 [INFO ] [main    ] [wifi] connected ssid=iPhone di Livio ip=172.20.10.2 mac=2c:cf:67:7d:14:65
2026-09-29 00:50:27.990 [WARNING] [main    ] [gps] connect failed: timed out; retry in 1.0s
2026-09-29 00:50:29.026 [INFO ] [main    ] [gps] connected to 14:13:0B:C0:B2:1E (socket RFCOMM)
2026-09-29 00:50:29.071 [INFO ] [main    ] [gps] first NMEA: $GPRMC,225029.0,V,4529.655909,N,00912.26...
