2026-10-06 14:03:35.746 [INFO ] [main    ] [SESSION] logger initialized in buffering mode
2026-10-06 14:03:35.747 [INFO ] [main    ] [SESSION] waiting for session start via MQTT
2026-10-06 14:03:35.747 [INFO ] [main    ] ============================================================
2026-10-06 14:03:35.748 [INFO ] [main    ] === SERVICE START v2.1.1 pid=659 at 2026-10-06 14:03:35 ===
2026-10-06 14:03:35.748 [INFO ] [main    ] ============================================================
2026-10-06 14:03:35.748 [INFO ] [main    ] [main] hostname=raspberrypi pid=659
2026-10-06 14:03:35.749 [INFO ] [main    ] [main] mqtt_client_id=RPi-KART-2ccf677d1465 broker=broker.hivemq.com:1883
2026-10-06 14:03:35.750 [INFO ] [main    ] [i2c] bus 1 opened
2026-10-06 14:03:35.750 [INFO ] [main    ] ====================================================
2026-10-06 14:03:35.750 [INFO ] [main    ] KART TELEMETRY - STARTUP CHECK
2026-10-06 14:03:35.750 [INFO ] [main    ] ====================================================
2026-10-06 14:03:35.751 [WARNING] [main    ] [check] NTC (ADC): no ADC
2026-10-06 14:03:35.751 [WARNING] [main    ] [check] AS5600 I2C: not found
2026-10-06 14:03:35.752 [INFO ] [main    ] [check] Garmin GLO2 verification in background
2026-10-06 14:03:35.752 [INFO ] [main    ] [check] WiFi verification in background
2026-10-06 14:03:35.752 [INFO ] [main    ] ====================================================
2026-10-06 14:03:36.204 [INFO ] [main    ] [wifi] active ssid=Galaxy A33 5G 2FBF ip=10.141.254.88
2026-10-06 14:03:36.205 [INFO ] [main    ] [mqtt] connecting...
2026-10-06 14:03:36.407 [INFO ] [main    ] [wifi] keepalive started (ping gateway + MQTT heartbeat every 5s)
2026-10-06 14:03:36.409 [INFO ] [main    ] [gps] task started
2026-10-06 14:03:36.410 [INFO ] [main    ] [main] READY (watchdog armed, 30s)
2026-10-06 14:03:36.410 [INFO ] [main    ] [ntc] reading invalid (open circuit or disconnected)
2026-10-06 14:03:36.412 [WARNING] [main    ] [as5600] not detected at 0x36
2026-10-06 14:03:36.472 [INFO ] [main    ] [mqtt] connected (session_present=False)
2026-10-06 14:03:36.701 [INFO ] [main    ] [wifi] connected ssid=Galaxy A33 5G 2FBF ip=10.141.254.88 mac=2c:cf:67:7d:14:65 rssi=-28 dBm
2026-10-06 14:03:42.430 [WARNING] [main    ] [gps] connect failed: timed out; retry in 1.0s (attempt 1, next log in 300s if still failing)
2026-10-06 17:28:22.223 [INFO ] [main    ] [gps] connected to 14:13:0B:C0:B2:1E (socket RFCOMM)
2026-10-06 17:28:22.286 [INFO ] [main    ] [gps] first NMEA: $GPRMC,152822.1,A,4529.097118,N,00909.13...
2026-10-06 17:28:23.862 [WARNING] [main    ] [wifi] connection lost
2026-10-06 17:28:52.259 [INFO ] [session ] [SESSION] started and saved to disk: /home/lillo97/kart_performance_monitor/system_logs/sessions/2026-10-06_17-28-52_41f961dc-a5c8-48ad-8619-d36f428c0bf1
2026-10-06 17:28:52.259 [INFO ] [session ] [SESSION] session_guid=41f961dc-a5c8-48ad-8619-d36f428c0bf1
2026-10-06 17:28:52.263 [INFO ] [main    ] [SESSION] received session_started, guid=41f961dc-a5c8-48ad-8619-d36f428c0bf1
2026-10-06 17:28:52.264 [INFO ] [main    ] [SESSION] directory=/home/lillo97/kart_performance_monitor/system_logs/sessions/2026-10-06_17-28-52_41f961dc-a5c8-48ad-8619-d36f428c0bf1
2026-10-06 17:28:52.265 [INFO ] [main    ] [SESSION] files=glo2-telemetry.log, boot.json, raw.jsonl, events.jsonl
