2026-10-01 11:35:54.708 [INFO ] [main    ] [SESSION] started id=2026-10-01_11-35-54
2026-10-01 11:35:54.709 [INFO ] [main    ] [SESSION] directory=/home/lillo97/kart_performance_monitor/system_logs/sessions/2026-10-01_11-35-54
2026-10-01 11:35:54.710 [INFO ] [main    ] [SESSION] files=glo2-telemetry.log, boot.json, raw.jsonl, events.jsonl
2026-10-01 11:35:54.710 [INFO ] [main    ] === Kart Telemetry v2.1.1 starting ===
2026-10-01 11:35:54.711 [INFO ] [main    ] [main] hostname=raspberrypi pid=5810
2026-10-01 11:35:54.712 [INFO ] [main    ] [main] mqtt_client_id=RPi-KART-2ccf677d1465 broker=broker.hivemq.com:1883
2026-10-01 11:35:54.713 [INFO ] [main    ] [i2c] bus 1 opened
2026-10-01 11:35:54.714 [INFO ] [main    ] ====================================================
2026-10-01 11:35:54.715 [INFO ] [main    ] KART TELEMETRY - STARTUP CHECK
2026-10-01 11:35:54.716 [INFO ] [main    ] ====================================================
2026-10-01 11:35:54.716 [WARNING] [main    ] [check] NTC (ADC): no ADC
2026-10-01 11:35:54.720 [WARNING] [main    ] [check] AS5600 I2C: not found
2026-10-01 11:35:54.720 [INFO ] [main    ] [check] Garmin GLO2 verification in background
2026-10-01 11:35:54.721 [INFO ] [main    ] [check] WiFi verification in background
2026-10-01 11:35:54.721 [INFO ] [main    ] ====================================================
2026-10-01 11:35:54.958 [INFO ] [main    ] [wifi] active ssid=iPhone di Livio ip=172.20.10.2
2026-10-01 11:35:54.960 [INFO ] [main    ] [mqtt] connecting...
2026-10-01 11:35:55.197 [INFO ] [main    ] [wifi] keepalive started (ping gateway every 5s)
2026-10-01 11:35:55.200 [INFO ] [main    ] [gps] task started
2026-10-01 11:35:55.201 [INFO ] [main    ] [main] READY (watchdog armed, 30s)
2026-10-01 11:35:55.203 [INFO ] [main    ] [ntc] reading invalid (open circuit or disconnected)
2026-10-01 11:35:55.205 [WARNING] [main    ] [as5600] not detected at 0x36
2026-10-01 11:35:55.453 [INFO ] [main    ] [wifi] connected ssid=iPhone di Livio ip=172.20.10.2 mac=2c:cf:67:7d:14:65
2026-10-01 11:35:59.215 [INFO ] [main    ] [gps] connected to 14:13:0B:C0:B2:1E (socket RFCOMM)
2026-10-01 11:35:59.246 [INFO ] [main    ] [mqtt] connected (session_present=True)
2026-10-01 11:35:59.335 [INFO ] [main    ] [gps] first NMEA: $GPRMC,093559.3,V,4529.648511,N,00912.37...
