2026-09-30 17:14:54.419 [INFO ] [main    ] [SESSION] started id=2026-09-30_17-14-54
2026-09-30 17:14:54.419 [INFO ] [main    ] [SESSION] directory=/home/lillo97/kart_performance_monitor/system_logs/sessions/2026-09-30_17-14-54
2026-09-30 17:14:54.420 [INFO ] [main    ] [SESSION] files=glo2-telemetry.log, boot.json, raw.jsonl, events.jsonl
2026-09-30 17:14:54.420 [INFO ] [main    ] === Kart Telemetry v2.1.1 starting ===
2026-09-30 17:14:54.420 [INFO ] [main    ] [main] hostname=raspberrypi pid=5927
2026-09-30 17:14:54.421 [INFO ] [main    ] [main] mqtt_client_id=RPi-KART-2ccf677d1465 broker=broker.hivemq.com:1883
2026-09-30 17:14:54.422 [INFO ] [main    ] [i2c] bus 1 opened
2026-09-30 17:14:54.422 [INFO ] [main    ] ====================================================
2026-09-30 17:14:54.423 [INFO ] [main    ] KART TELEMETRY - STARTUP CHECK
2026-09-30 17:14:54.423 [INFO ] [main    ] ====================================================
2026-09-30 17:14:54.423 [WARNING] [main    ] [check] NTC (ADC): no ADC
2026-09-30 17:14:54.424 [WARNING] [main    ] [check] AS5600 I2C: not found
2026-09-30 17:14:54.425 [INFO ] [main    ] [check] Garmin GLO2 verification in background
2026-09-30 17:14:54.425 [INFO ] [main    ] [check] WiFi verification in background
2026-09-30 17:14:54.425 [INFO ] [main    ] ====================================================
2026-09-30 17:14:55.102 [INFO ] [main    ] [wifi] active ssid=WINDTRE-E9B808 ip=192.168.1.25
2026-09-30 17:14:55.104 [INFO ] [main    ] [mqtt] connecting...
2026-09-30 17:14:55.228 [INFO ] [main    ] [wifi] keepalive started (ping gateway every 30s)
2026-09-30 17:14:55.230 [INFO ] [main    ] [gps] task started
2026-09-30 17:14:55.232 [INFO ] [main    ] [main] READY (watchdog armed, 30s)
2026-09-30 17:14:55.233 [INFO ] [main    ] [ntc] reading invalid (open circuit or disconnected)
2026-09-30 17:14:55.235 [WARNING] [main    ] [as5600] not detected at 0x36
2026-09-30 17:14:55.249 [INFO ] [main    ] [mqtt] connected (session_present=False)
2026-09-30 17:14:55.470 [INFO ] [main    ] [wifi] connected ssid=WINDTRE-E9B808 ip=192.168.1.25 mac=2c:cf:67:7d:14:65
2026-09-30 17:15:01.234 [WARNING] [main    ] [gps] connect failed: timed out; retry in 1.0s (attempt 1, next log in 300s if still failing)
2026-09-30 17:15:05.791 [INFO ] [main    ] [gps] connected to 14:13:0B:C0:B2:1E (socket RFCOMM)
2026-09-30 17:15:05.930 [INFO ] [main    ] [gps] first NMEA: $GPRMC,151503.6,V,4529.633228,N,00912.42...
2026-09-30 17:17:51.370 [INFO ] [session ] [SESSION] associated session_guid=b911096f-4e10-49d6-87bf-f81e0d732175
2026-09-30 17:17:51.373 [INFO ] [main    ] [SESSION] received session_guid=b911096f-4e10-49d6-87bf-f81e0d732175
2026-09-30 17:18:58.303 [INFO ] [main    ] [main] signal 15 received, shutting down
2026-09-30 17:18:59.424 [INFO ] [session ] [SESSION] closed id=2026-09-30_17-14-54_b911096f-4e10-49d6-87bf-f81e0d732175 reason=shutdown
2026-09-30 17:18:59.425 [INFO ] [main    ] === shutdown complete ===
