2026-10-03 19:37:43.174 [INFO ] [main    ] [SESSION] logger initialized in buffering mode
2026-10-03 19:37:43.174 [INFO ] [main    ] [SESSION] waiting for session start via MQTT
2026-10-03 19:37:43.174 [INFO ] [main    ] ============================================================
2026-10-03 19:37:43.174 [INFO ] [main    ] === SERVICE START v2.1.1 pid=5343 at 2026-10-03 19:37:43 ===
2026-10-03 19:37:43.175 [INFO ] [main    ] ============================================================
2026-10-03 19:37:43.175 [INFO ] [main    ] [main] hostname=raspberrypi pid=5343
2026-10-03 19:37:43.175 [INFO ] [main    ] [main] mqtt_client_id=RPi-KART-2ccf677d1465 broker=broker.hivemq.com:1883
2026-10-03 19:37:43.176 [INFO ] [main    ] [i2c] bus 1 opened
2026-10-03 19:37:43.177 [INFO ] [main    ] ====================================================
2026-10-03 19:37:43.177 [INFO ] [main    ] KART TELEMETRY - STARTUP CHECK
2026-10-03 19:37:43.177 [INFO ] [main    ] ====================================================
2026-10-03 19:37:43.177 [WARNING] [main    ] [check] NTC (ADC): no ADC
2026-10-03 19:37:43.178 [WARNING] [main    ] [check] AS5600 I2C: not found
2026-10-03 19:37:43.179 [INFO ] [main    ] [check] Garmin GLO2 verification in background
2026-10-03 19:37:43.179 [INFO ] [main    ] [check] WiFi verification in background
2026-10-03 19:37:43.179 [INFO ] [main    ] ====================================================
2026-10-03 19:37:43.413 [INFO ] [main    ] [wifi] active ssid=Galaxy A33 5G 2FBF ip=10.141.254.88
2026-10-03 19:37:43.414 [INFO ] [main    ] [mqtt] connecting...
2026-10-03 19:37:43.545 [INFO ] [main    ] [wifi] keepalive started (ping gateway every 30s)
2026-10-03 19:37:43.546 [INFO ] [main    ] [gps] task started
2026-10-03 19:37:43.547 [INFO ] [main    ] [main] READY (watchdog armed, 30s)
2026-10-03 19:37:43.548 [INFO ] [main    ] [ntc] reading invalid (open circuit or disconnected)
2026-10-03 19:37:43.549 [WARNING] [main    ] [as5600] not detected at 0x36
2026-10-03 19:37:43.581 [INFO ] [main    ] [mqtt] connected (session_present=True)
2026-10-03 19:37:43.791 [INFO ] [main    ] [wifi] connected ssid=Galaxy A33 5G 2FBF ip=10.141.254.88 mac=2c:cf:67:7d:14:65 rssi=-31 dBm
2026-10-03 19:37:47.747 [INFO ] [main    ] [gps] connected to 14:13:0B:C0:B2:1E (socket RFCOMM)
2026-10-03 19:37:48.004 [INFO ] [main    ] [gps] first NMEA: $GPRMC,173747.7,V,4529.669890,N,00912.45...
2026-10-03 19:37:53.291 [WARNING] [main    ] [gps] no NMEA for 5.0s; force reconnect
2026-10-03 19:37:59.213 [INFO ] [session ] [SESSION] started and saved to disk: /home/lillo97/kart_performance_monitor/system_logs/sessions/2026-10-03_19-37-59_cc012ea0-325a-4efd-8d59-4c217ddb6f94
2026-10-03 19:37:59.213 [INFO ] [session ] [SESSION] session_guid=cc012ea0-325a-4efd-8d59-4c217ddb6f94
2026-10-03 19:37:59.214 [INFO ] [main    ] [SESSION] received session_started, guid=cc012ea0-325a-4efd-8d59-4c217ddb6f94
2026-10-03 19:37:59.215 [INFO ] [main    ] [SESSION] directory=/home/lillo97/kart_performance_monitor/system_logs/sessions/2026-10-03_19-37-59_cc012ea0-325a-4efd-8d59-4c217ddb6f94
2026-10-03 19:37:59.215 [INFO ] [main    ] [SESSION] files=glo2-telemetry.log, boot.json, raw.jsonl, events.jsonl
2026-10-03 19:38:28.726 [INFO ] [main    ] [gps] connected to 14:13:0B:C0:B2:1E (socket RFCOMM)
2026-10-03 19:38:28.896 [INFO ] [main    ] [gps] first NMEA: $GPRMC,173828.8,V,4529.669890,N,00912.45...
2026-10-03 19:39:24.549 [INFO ] [main    ] [gps] connected to 14:13:0B:C0:B2:1E (socket RFCOMM)
2026-10-03 19:39:40.318 [INFO ] [main    ] [gps] connected to 14:13:0B:C0:B2:1E (socket RFCOMM)
2026-10-03 19:39:40.390 [INFO ] [main    ] [gps] first NMEA: $GPRMC,173940.3,V,4529.669890,N,00912.45...
2026-10-03 19:42:09.575 [INFO ] [main    ] [SESSION] received session_stopped, guid=cc012ea0-325a-4efd-8d59-4c217ddb6f94
2026-10-03 19:42:09.680 [INFO ] [session ] [SESSION] stopped and saved: 2026-10-03_19-37-59_cc012ea0-325a-4efd-8d59-4c217ddb6f94 reason=mqtt_stop_command
2026-10-03 19:42:09.683 [INFO ] [session ] [SESSION] ready for next session (buffering mode)
2026-10-03 19:42:09.684 [INFO ] [main    ] [SESSION] session stopped, logging reverted to stdout
2026-10-03 19:42:53.769 [WARNING] [main    ] [wifi] connection lost
2026-10-03 19:42:55.692 [WARNING] [main    ] [gps] connect failed: [Errno 16] Device or resource busy; retry in 3.0s (attempt 43, next log in 300s if still failing)
2026-10-03 19:43:26.749 [INFO ] [main    ] [gps] connected to 14:13:0B:C0:B2:1E (socket RFCOMM)
2026-10-03 19:43:26.811 [INFO ] [main    ] [gps] first NMEA: $GPRMC,174324.3,V,4529.669890,N,00912.45...
