2026-10-02 11:40:25.472 [INFO ] [main    ] [SESSION] started id=2026-10-02_11-40-25
2026-10-02 11:40:25.473 [INFO ] [main    ] [SESSION] directory=/home/lillo97/kart_performance_monitor/system_logs/sessions/2026-10-02_11-40-25
2026-10-02 11:40:25.473 [INFO ] [main    ] [SESSION] files=glo2-telemetry.log, boot.json, raw.jsonl, events.jsonl
2026-10-02 11:40:25.474 [INFO ] [main    ] === Kart Telemetry v2.1.1 starting ===
2026-10-02 11:40:25.474 [INFO ] [main    ] [main] hostname=raspberrypi pid=743
2026-10-02 11:40:25.475 [INFO ] [main    ] [main] mqtt_client_id=RPi-KART-2ccf677d1465 broker=broker.hivemq.com:1883
2026-10-02 11:40:25.476 [INFO ] [main    ] [i2c] bus 1 opened
2026-10-02 11:40:25.476 [INFO ] [main    ] ====================================================
2026-10-02 11:40:25.476 [INFO ] [main    ] KART TELEMETRY - STARTUP CHECK
2026-10-02 11:40:25.477 [INFO ] [main    ] ====================================================
2026-10-02 11:40:25.477 [WARNING] [main    ] [check] NTC (ADC): no ADC
2026-10-02 11:40:25.478 [WARNING] [main    ] [check] AS5600 I2C: not found
2026-10-02 11:40:25.479 [INFO ] [main    ] [check] Garmin GLO2 verification in background
2026-10-02 11:40:25.479 [INFO ] [main    ] [check] WiFi verification in background
2026-10-02 11:40:25.479 [INFO ] [main    ] ====================================================
2026-10-02 11:40:26.888 [INFO ] [main    ] [wifi] active ssid=WINDTRE-E9B808 ip=192.168.1.25
2026-10-02 11:40:26.891 [INFO ] [main    ] [mqtt] connecting...
2026-10-02 11:40:27.242 [INFO ] [main    ] [wifi] keepalive started (ping gateway every 5s)
2026-10-02 11:40:27.249 [INFO ] [main    ] [gps] task started
2026-10-02 11:40:27.261 [INFO ] [main    ] [main] READY (watchdog armed, 30s)
2026-10-02 11:40:27.270 [INFO ] [main    ] [mqtt] connected (session_present=True)
2026-10-02 11:40:27.272 [INFO ] [main    ] [ntc] reading invalid (open circuit or disconnected)
2026-10-02 11:40:27.279 [WARNING] [main    ] [as5600] not detected at 0x36
2026-10-02 11:40:27.552 [INFO ] [main    ] [wifi] connected ssid=WINDTRE-E9B808 ip=192.168.1.25 mac=2c:cf:67:7d:14:65
2026-10-02 11:40:33.254 [WARNING] [main    ] [gps] connect failed: timed out; retry in 1.0s (attempt 1, next log in 300s if still failing)
2026-10-02 11:40:37.819 [INFO ] [main    ] [as5600] detected at 0x36 (magnet_detected=False)
2026-10-02 11:40:37.828 [WARNING] [main    ] [as5600] not detected at 0x36
2026-10-02 11:42:17.617 [WARNING] [main    ] [wifi] no active connection
2026-10-02 11:42:27.987 [INFO ] [main    ] [wifi] connected ssid=WINDTRE-E9B808 ip=192.168.1.25 mac=2c:cf:67:7d:14:65
2026-10-02 11:42:43.818 [WARNING] [main    ] [mqtt] disconnected rc=141 (keepalive_timeout); paho will retry [total=1]
2026-10-02 11:42:51.903 [INFO ] [main    ] [mqtt] connected (session_present=True)
2026-10-02 11:43:24.966 [WARNING] [main    ] [mqtt] disconnected rc=141 (keepalive_timeout); paho will retry [total=3]
2026-10-02 11:43:34.080 [INFO ] [main    ] [mqtt] connected (session_present=True)
2026-10-02 11:44:02.467 [WARNING] [main    ] [mqtt] disconnected rc=128 (unknown); paho will retry [total=5]
2026-10-02 11:44:13.644 [INFO ] [main    ] [mqtt] connected (session_present=True)
2026-10-02 11:45:25.475 [WARNING] [main    ] [mqtt] disconnected rc=141 (keepalive_timeout); paho will retry [total=6]
2026-10-02 11:45:30.216 [WARNING] [main    ] [wifi] no active connection
2026-10-02 11:45:40.419 [WARNING] [main    ] [wifi] no active connection
