2026-10-02 12:14:27.028 [INFO ] [main    ] [SESSION] started id=2026-10-02_12-14-27
2026-10-02 12:14:27.029 [INFO ] [main    ] [SESSION] directory=/home/lillo97/kart_performance_monitor/system_logs/sessions/2026-10-02_12-14-27
2026-10-02 12:14:27.030 [INFO ] [main    ] [SESSION] files=glo2-telemetry.log, boot.json, raw.jsonl, events.jsonl
2026-10-02 12:14:27.031 [INFO ] [main    ] === Kart Telemetry v2.1.1 starting ===
2026-10-02 12:14:27.031 [INFO ] [main    ] [main] hostname=raspberrypi pid=657
2026-10-02 12:14:27.032 [INFO ] [main    ] [main] mqtt_client_id=RPi-KART-f3c2fe0feadd broker=broker.hivemq.com:1883
2026-10-02 12:14:27.033 [INFO ] [main    ] [i2c] bus 1 opened
2026-10-02 12:14:27.034 [INFO ] [main    ] ====================================================
2026-10-02 12:14:27.035 [INFO ] [main    ] KART TELEMETRY - STARTUP CHECK
2026-10-02 12:14:27.035 [INFO ] [main    ] ====================================================
2026-10-02 12:14:27.036 [WARNING] [main    ] [check] NTC (ADC): no ADC
2026-10-02 12:14:27.037 [WARNING] [main    ] [check] AS5600 I2C: not found
2026-10-02 12:14:27.038 [INFO ] [main    ] [check] Garmin GLO2 verification in background
2026-10-02 12:14:27.038 [INFO ] [main    ] [check] WiFi verification in background
2026-10-02 12:14:27.039 [INFO ] [main    ] ====================================================
2026-10-02 12:14:27.417 [INFO ] [main    ] [mqtt] connecting...
2026-10-02 12:14:27.455 [ERROR] [main    ] [mqtt] initial connect failed: [Errno -3] Temporary failure in name resolution; paho will retry
2026-10-02 12:14:27.458 [INFO ] [main    ] [wifi] keepalive started (ping gateway every 5s)
2026-10-02 12:14:27.461 [INFO ] [main    ] [gps] task started
2026-10-02 12:14:27.464 [INFO ] [main    ] [main] READY (watchdog armed, 30s)
2026-10-02 12:14:27.465 [INFO ] [main    ] [ntc] reading invalid (open circuit or disconnected)
2026-10-02 12:14:27.468 [WARNING] [main    ] [as5600] not detected at 0x36
2026-10-02 12:14:27.666 [WARNING] [main    ] [wifi] no active connection
2026-10-02 12:14:33.463 [WARNING] [main    ] [gps] connect failed: timed out; retry in 1.0s (attempt 1, next log in 300s if still failing)
2026-10-02 12:16:01.060 [INFO ] [main    ] [wifi] connected ssid=WINDTRE-E9B808 ip=192.168.1.25 mac=2c:cf:67:7d:14:65
2026-10-02 12:17:58.043 [WARNING] [main    ] [wifi] no active connection
2026-10-02 12:18:08.238 [WARNING] [main    ] [wifi] no active connection
2026-10-02 12:20:18.450 [WARNING] [main    ] [gps] connect failed: timed out; retry in 3.0s (attempt 52, next log in 300s if still failing)
2026-10-02 12:25:18.611 [WARNING] [main    ] [gps] connect failed: timed out; retry in 3.0s (attempt 102, next log in 300s if still failing)
