2026-09-30 20:20:58.960 [INFO ] [main    ] [SESSION] started id=2026-09-30_20-20-58
2026-09-30 20:20:58.961 [INFO ] [main    ] [SESSION] directory=/home/lillo97/kart_performance_monitor/system_logs/sessions/2026-09-30_20-20-58
2026-09-30 20:20:58.961 [INFO ] [main    ] [SESSION] files=glo2-telemetry.log, boot.json, raw.jsonl, events.jsonl
2026-09-30 20:20:58.962 [INFO ] [main    ] === Kart Telemetry v2.1.1 starting ===
2026-09-30 20:20:58.962 [INFO ] [main    ] [main] hostname=raspberrypi pid=5787
2026-09-30 20:20:58.963 [INFO ] [main    ] [main] mqtt_client_id=RPi-KART-2ccf677d1465 broker=broker.hivemq.com:1883
2026-09-30 20:20:58.964 [INFO ] [main    ] [i2c] bus 1 opened
2026-09-30 20:20:58.964 [INFO ] [main    ] ====================================================
2026-09-30 20:20:58.964 [INFO ] [main    ] KART TELEMETRY - STARTUP CHECK
2026-09-30 20:20:58.965 [INFO ] [main    ] ====================================================
2026-09-30 20:20:58.965 [WARNING] [main    ] [check] NTC (ADC): no ADC
2026-09-30 20:20:58.966 [WARNING] [main    ] [check] AS5600 I2C: not found
2026-09-30 20:20:58.966 [INFO ] [main    ] [check] Garmin GLO2 verification in background
2026-09-30 20:20:58.967 [INFO ] [main    ] [check] WiFi verification in background
2026-09-30 20:20:58.967 [INFO ] [main    ] ====================================================
2026-09-30 20:20:59.249 [INFO ] [main    ] [wifi] active ssid=WINDTRE-E9B808 ip=192.168.1.25
2026-09-30 20:20:59.251 [INFO ] [main    ] [mqtt] connecting...
2026-09-30 20:20:59.372 [INFO ] [main    ] [wifi] keepalive started (ping gateway every 30s)
2026-09-30 20:20:59.374 [INFO ] [main    ] [gps] task started
2026-09-30 20:20:59.376 [INFO ] [main    ] [main] READY (watchdog armed, 30s)
2026-09-30 20:20:59.377 [INFO ] [main    ] [ntc] reading invalid (open circuit or disconnected)
2026-09-30 20:20:59.378 [WARNING] [main    ] [as5600] not detected at 0x36
2026-09-30 20:20:59.398 [INFO ] [main    ] [mqtt] connected (session_present=True)
2026-09-30 20:20:59.619 [INFO ] [main    ] [wifi] connected ssid=WINDTRE-E9B808 ip=192.168.1.25 mac=2c:cf:67:7d:14:65
2026-09-30 20:21:05.378 [WARNING] [main    ] [gps] connect failed: timed out; retry in 1.0s (attempt 1, next log in 300s if still failing)
2026-09-30 20:21:50.791 [INFO ] [main    ] [as5600] detected at 0x36 (magnet_detected=False)
2026-09-30 20:21:50.802 [WARNING] [main    ] [as5600] not detected at 0x36
2026-09-30 20:22:01.240 [WARNING] [main    ] [mqtt] disconnected rc=141 (keepalive_timeout); paho will retry [total=1]
2026-09-30 20:22:13.439 [INFO ] [main    ] [mqtt] connected (session_present=True)
2026-09-30 20:22:42.288 [WARNING] [main    ] [mqtt] disconnected rc=141 (keepalive_timeout); paho will retry [total=3]
2026-09-30 20:23:14.463 [INFO ] [main    ] [mqtt] connected (session_present=True)
2026-09-30 20:25:04.218 [WARNING] [main    ] [mqtt] disconnected rc=128 (unknown); paho will retry [total=6]
2026-09-30 20:25:13.976 [INFO ] [main    ] [mqtt] connected (session_present=True)
2026-09-30 20:25:45.689 [WARNING] [main    ] [mqtt] disconnected rc=141 (keepalive_timeout); paho will retry [total=7]
2026-09-30 20:25:49.611 [INFO ] [main    ] [mqtt] connected (session_present=True)
2026-09-30 20:26:05.412 [WARNING] [main    ] [gps] connect failed: timed out; retry in 3.0s (attempt 52, next log in 300s if still failing)
2026-09-30 20:26:08.455 [INFO ] [main    ] [as5600] detected at 0x36 (magnet_detected=False)
2026-09-30 20:26:08.466 [WARNING] [main    ] [as5600] not detected at 0x36
2026-09-30 20:26:09.666 [WARNING] [main    ] [wifi] no active connection
2026-09-30 20:26:19.978 [INFO ] [main    ] [wifi] connected ssid=WINDTRE-E9B808 ip=192.168.1.25 mac=2c:cf:67:7d:14:65
2026-09-30 20:26:20.229 [WARNING] [main    ] [mqtt] disconnected rc=128 (unknown); paho will retry [total=9]
2026-09-30 20:26:32.425 [INFO ] [main    ] [mqtt] connected (session_present=True)
2026-09-30 20:27:01.494 [WARNING] [main    ] [mqtt] disconnected rc=141 (keepalive_timeout); paho will retry [total=10]
2026-09-30 20:27:07.689 [INFO ] [main    ] [mqtt] connected (session_present=True)
2026-09-30 20:27:43.482 [WARNING] [main    ] [mqtt] disconnected rc=141 (keepalive_timeout); paho will retry [total=12]
2026-09-30 20:28:13.754 [INFO ] [main    ] [mqtt] connected (session_present=True)
2026-09-30 20:29:08.445 [WARNING] [main    ] [mqtt] disconnected rc=141 (keepalive_timeout); paho will retry [total=15]
2026-09-30 20:29:14.544 [INFO ] [main    ] [mqtt] connected (session_present=True)
2026-09-30 20:30:51.591 [WARNING] [main    ] [mqtt] disconnected rc=141 (keepalive_timeout); paho will retry [total=17]
2026-09-30 20:31:03.046 [INFO ] [main    ] [mqtt] connected (session_present=True)
2026-09-30 20:31:05.620 [WARNING] [main    ] [gps] connect failed: timed out; retry in 3.0s (attempt 102, next log in 300s if still failing)
2026-09-30 20:31:19.181 [WARNING] [main    ] [wifi] no active connection
2026-09-30 20:31:29.509 [INFO ] [main    ] [wifi] connected ssid=WINDTRE-E9B808 ip=192.168.1.25 mac=2c:cf:67:7d:14:65
2026-09-30 20:31:33.103 [WARNING] [main    ] [mqtt] disconnected rc=141 (keepalive_timeout); paho will retry [total=19]
2026-09-30 20:31:37.961 [INFO ] [main    ] [mqtt] connected (session_present=True)
2026-09-30 20:32:14.571 [WARNING] [main    ] [mqtt] disconnected rc=141 (keepalive_timeout); paho will retry [total=21]
2026-09-30 20:32:32.403 [INFO ] [main    ] [mqtt] connected (session_present=True)
2026-09-30 20:32:56.451 [WARNING] [main    ] [mqtt] disconnected rc=141 (keepalive_timeout); paho will retry [total=23]
2026-09-30 20:33:08.875 [INFO ] [main    ] [mqtt] connected (session_present=True)
2026-09-30 20:33:37.961 [WARNING] [main    ] [mqtt] disconnected rc=141 (keepalive_timeout); paho will retry [total=25]
2026-09-30 20:33:53.076 [INFO ] [main    ] [mqtt] connected (session_present=True)
2026-09-30 20:34:19.194 [WARNING] [main    ] [mqtt] disconnected rc=141 (keepalive_timeout); paho will retry [total=27]
2026-09-30 20:34:20.626 [INFO ] [main    ] [mqtt] connected (session_present=True)
2026-09-30 20:35:40.914 [WARNING] [main    ] [mqtt] disconnected rc=141 (keepalive_timeout); paho will retry [total=29]
2026-09-30 20:35:56.006 [INFO ] [main    ] [mqtt] connected (session_present=True)
2026-09-30 20:36:05.775 [WARNING] [main    ] [gps] connect failed: timed out; retry in 3.0s (attempt 152, next log in 300s if still failing)
2026-09-30 20:36:42.763 [WARNING] [main    ] [mqtt] disconnected rc=141 (keepalive_timeout); paho will retry [total=31]
2026-09-30 20:36:44.194 [INFO ] [main    ] [mqtt] connected (session_present=True)
2026-09-30 20:37:44.010 [WARNING] [main    ] [mqtt] disconnected rc=141 (keepalive_timeout); paho will retry [total=33]
2026-09-30 20:37:50.345 [INFO ] [main    ] [mqtt] connected (session_present=True)
2026-09-30 20:38:21.053 [WARNING] [main    ] [mqtt] disconnected rc=128 (unknown); paho will retry [total=35]
2026-09-30 20:38:26.203 [INFO ] [main    ] [mqtt] connected (session_present=True)
2026-09-30 20:39:23.906 [WARNING] [main    ] [mqtt] disconnected rc=141 (keepalive_timeout); paho will retry [total=36]
2026-09-30 20:39:26.369 [INFO ] [main    ] [mqtt] connected (session_present=True)
2026-09-30 20:39:56.790 [WARNING] [main    ] [mqtt] disconnected rc=128 (unknown); paho will retry [total=38]
2026-09-30 20:40:02.403 [INFO ] [main    ] [mqtt] connected (session_present=True)
2026-09-30 20:41:05.926 [WARNING] [main    ] [gps] connect failed: timed out; retry in 3.0s (attempt 202, next log in 300s if still failing)
2026-09-30 20:41:58.852 [WARNING] [main    ] [mqtt] disconnected rc=141 (keepalive_timeout); paho will retry [total=39]
2026-09-30 20:42:02.220 [INFO ] [main    ] [mqtt] connected (session_present=True)
2026-09-30 20:43:20.974 [WARNING] [main    ] [mqtt] disconnected rc=141 (keepalive_timeout); paho will retry [total=41]
2026-09-30 20:43:32.132 [INFO ] [main    ] [mqtt] connected (session_present=True)
2026-09-30 20:44:15.010 [WARNING] [main    ] [mqtt] disconnected rc=128 (unknown); paho will retry [total=43]
2026-09-30 20:44:20.742 [INFO ] [main    ] [mqtt] connected (session_present=True)
2026-09-30 20:44:51.017 [WARNING] [main    ] [mqtt] disconnected rc=128 (unknown); paho will retry [total=44]
2026-09-30 20:45:12.135 [WARNING] [main    ] [mqtt] disconnected rc=141 (keepalive_timeout); paho will retry [total=45]
2026-09-30 20:45:24.414 [INFO ] [main    ] [mqtt] connected (session_present=True)
2026-09-30 20:45:54.505 [WARNING] [main    ] [mqtt] disconnected rc=141 (keepalive_timeout); paho will retry [total=46]
2026-09-30 20:45:56.326 [INFO ] [main    ] [mqtt] connected (session_present=True)
2026-09-30 20:46:06.079 [WARNING] [main    ] [gps] connect failed: timed out; retry in 3.0s (attempt 252, next log in 300s if still failing)
2026-09-30 20:46:36.508 [WARNING] [main    ] [mqtt] disconnected rc=141 (keepalive_timeout); paho will retry [total=48]
2026-09-30 20:46:38.606 [INFO ] [main    ] [mqtt] connected (session_present=True)
2026-09-30 20:47:18.035 [WARNING] [main    ] [mqtt] disconnected rc=141 (keepalive_timeout); paho will retry [total=50]
2026-09-30 20:47:38.387 [INFO ] [main    ] [mqtt] connected (session_present=True)
2026-09-30 20:49:56.630 [WARNING] [main    ] [mqtt] disconnected rc=128 (unknown); paho will retry [total=52]
2026-09-30 20:50:02.797 [INFO ] [main    ] [mqtt] connected (session_present=True)
2026-09-30 20:50:34.956 [WARNING] [main    ] [mqtt] disconnected rc=128 (unknown); paho will retry [total=53]
2026-09-30 20:50:39.113 [INFO ] [main    ] [mqtt] connected (session_present=True)
2026-09-30 20:51:06.226 [WARNING] [main    ] [gps] connect failed: timed out; retry in 3.0s (attempt 302, next log in 300s if still failing)
2026-09-30 20:51:14.172 [WARNING] [main    ] [mqtt] disconnected rc=128 (unknown); paho will retry [total=54]
2026-09-30 20:51:20.915 [INFO ] [main    ] [mqtt] connected (session_present=True)
2026-09-30 20:51:56.115 [WARNING] [main    ] [mqtt] disconnected rc=141 (keepalive_timeout); paho will retry [total=55]
2026-09-30 20:52:08.653 [INFO ] [main    ] [mqtt] connected (session_present=True)
2026-09-30 20:52:57.277 [WARNING] [main    ] [mqtt] disconnected rc=128 (unknown); paho will retry [total=57]
2026-09-30 20:53:14.765 [INFO ] [main    ] [mqtt] connected (session_present=True)
2026-09-30 20:53:38.815 [WARNING] [main    ] [mqtt] disconnected rc=141 (keepalive_timeout); paho will retry [total=58]
2026-09-30 20:53:50.654 [INFO ] [main    ] [mqtt] connected (session_present=True)
2026-09-30 20:54:35.164 [WARNING] [main    ] [mqtt] disconnected rc=128 (unknown); paho will retry [total=60]
2026-09-30 20:54:38.887 [INFO ] [main    ] [mqtt] connected (session_present=True)
2026-09-30 20:55:11.112 [WARNING] [main    ] [mqtt] disconnected rc=128 (unknown); paho will retry [total=61]
2026-09-30 20:55:15.092 [INFO ] [main    ] [mqtt] connected (session_present=True)
2026-09-30 20:55:45.705 [WARNING] [main    ] [mqtt] disconnected rc=128 (unknown); paho will retry [total=62]
2026-09-30 20:55:50.787 [INFO ] [main    ] [mqtt] connected (session_present=True)
2026-09-30 20:56:06.384 [WARNING] [main    ] [gps] connect failed: timed out; retry in 3.0s (attempt 352, next log in 300s if still failing)
2026-09-30 20:56:21.330 [WARNING] [main    ] [mqtt] disconnected rc=128 (unknown); paho will retry [total=63]
2026-09-30 20:57:03.676 [INFO ] [main    ] [mqtt] connected (session_present=True)
2026-09-30 20:57:24.764 [WARNING] [main    ] [mqtt] disconnected rc=141 (keepalive_timeout); paho will retry [total=64]
2026-09-30 20:57:41.211 [INFO ] [main    ] [mqtt] connected (session_present=True)
2026-09-30 20:58:06.708 [WARNING] [main    ] [mqtt] disconnected rc=141 (keepalive_timeout); paho will retry [total=66]
2026-09-30 20:58:15.243 [INFO ] [main    ] [mqtt] connected (session_present=True)
2026-09-30 20:58:47.836 [WARNING] [main    ] [mqtt] disconnected rc=141 (keepalive_timeout); paho will retry [total=68]
2026-09-30 20:58:51.030 [INFO ] [main    ] [mqtt] connected (session_present=True)
2026-09-30 20:59:29.381 [WARNING] [main    ] [mqtt] disconnected rc=141 (keepalive_timeout); paho will retry [total=70]
2026-09-30 20:59:44.586 [WARNING] [main    ] [mqtt] disconnected rc=128 (unknown); paho will retry [total=72]
2026-09-30 20:59:51.008 [INFO ] [main    ] [mqtt] connected (session_present=True)
2026-09-30 21:01:06.520 [WARNING] [main    ] [gps] connect failed: timed out; retry in 3.0s (attempt 402, next log in 300s if still failing)
2026-09-30 21:01:50.568 [WARNING] [main    ] [mqtt] disconnected rc=141 (keepalive_timeout); paho will retry [total=73]
2026-09-30 21:01:57.019 [INFO ] [main    ] [mqtt] connected (session_present=True)
2026-09-30 21:02:53.200 [WARNING] [main    ] [mqtt] disconnected rc=141 (keepalive_timeout); paho will retry [total=75]
2026-09-30 21:02:59.434 [INFO ] [main    ] [mqtt] connected (session_present=True)
2026-09-30 21:03:29.433 [WARNING] [main    ] [mqtt] disconnected rc=128 (unknown); paho will retry [total=77]
2026-09-30 21:03:33.149 [INFO ] [main    ] [mqtt] connected (session_present=True)
2026-09-30 21:04:21.585 [WARNING] [main    ] [mqtt] disconnected rc=128 (unknown); paho will retry [total=78]
2026-09-30 21:04:27.156 [INFO ] [main    ] [mqtt] connected (session_present=True)
2026-09-30 21:04:59.237 [WARNING] [main    ] [mqtt] disconnected rc=128 (unknown); paho will retry [total=79]
2026-09-30 21:05:14.181 [INFO ] [main    ] [mqtt] connected (session_present=True)
2026-09-30 21:05:41.234 [WARNING] [main    ] [mqtt] disconnected rc=141 (keepalive_timeout); paho will retry [total=80]
2026-09-30 21:05:45.127 [INFO ] [main    ] [mqtt] connected (session_present=True)
2026-09-30 21:06:06.671 [WARNING] [main    ] [gps] connect failed: timed out; retry in 3.0s (attempt 452, next log in 300s if still failing)
2026-09-30 21:06:15.621 [WARNING] [main    ] [mqtt] disconnected rc=128 (unknown); paho will retry [total=82]
2026-09-30 21:06:21.219 [INFO ] [main    ] [mqtt] connected (session_present=True)
2026-09-30 21:07:18.077 [WARNING] [main    ] [mqtt] disconnected rc=141 (keepalive_timeout); paho will retry [total=83]
2026-09-30 21:07:31.079 [INFO ] [main    ] [mqtt] connected (session_present=True)
2026-09-30 21:07:59.144 [WARNING] [main    ] [mqtt] disconnected rc=141 (keepalive_timeout); paho will retry [total=85]
2026-09-30 21:08:03.375 [INFO ] [main    ] [mqtt] connected (session_present=True)
2026-09-30 21:08:39.926 [WARNING] [main    ] [mqtt] disconnected rc=128 (unknown); paho will retry [total=87]
2026-09-30 21:08:45.146 [INFO ] [main    ] [mqtt] connected (session_present=True)
2026-09-30 21:09:21.762 [WARNING] [main    ] [mqtt] disconnected rc=141 (keepalive_timeout); paho will retry [total=88]
2026-09-30 21:09:26.985 [INFO ] [main    ] [mqtt] connected (session_present=True)
2026-09-30 21:09:57.776 [WARNING] [main    ] [mqtt] disconnected rc=128 (unknown); paho will retry [total=90]
2026-09-30 21:10:09.275 [INFO ] [main    ] [mqtt] connected (session_present=True)
2026-09-30 21:11:06.829 [WARNING] [main    ] [gps] connect failed: timed out; retry in 3.0s (attempt 502, next log in 300s if still failing)
2026-09-30 21:11:20.672 [WARNING] [main    ] [mqtt] disconnected rc=141 (keepalive_timeout); paho will retry [total=91]
2026-09-30 21:11:21.801 [INFO ] [main    ] [mqtt] connected (session_present=True)
2026-09-30 21:12:21.770 [WARNING] [main    ] [mqtt] disconnected rc=128 (unknown); paho will retry [total=93]
2026-09-30 21:12:27.148 [INFO ] [main    ] [mqtt] connected (session_present=True)
2026-09-30 21:13:03.623 [WARNING] [main    ] [mqtt] disconnected rc=141 (keepalive_timeout); paho will retry [total=94]
2026-09-30 21:13:09.768 [INFO ] [main    ] [mqtt] connected (session_present=True)
2026-09-30 21:13:45.105 [WARNING] [main    ] [mqtt] disconnected rc=141 (keepalive_timeout); paho will retry [total=96]
2026-09-30 21:13:57.578 [INFO ] [main    ] [mqtt] connected (session_present=True)
2026-09-30 21:14:45.392 [WARNING] [main    ] [mqtt] disconnected rc=128 (unknown); paho will retry [total=98]
2026-09-30 21:15:03.282 [INFO ] [main    ] [mqtt] connected (session_present=True)
2026-09-30 21:15:27.333 [WARNING] [main    ] [mqtt] disconnected rc=141 (keepalive_timeout); paho will retry [total=99]
2026-09-30 21:15:39.402 [INFO ] [main    ] [mqtt] connected (session_present=True)
2026-09-30 21:16:06.989 [WARNING] [main    ] [gps] connect failed: timed out; retry in 3.0s (attempt 552, next log in 300s if still failing)
2026-09-30 21:17:09.488 [WARNING] [main    ] [mqtt] disconnected rc=128 (unknown); paho will retry [total=101]
2026-09-30 21:17:15.481 [INFO ] [main    ] [mqtt] connected (session_present=True)
2026-09-30 21:17:48.169 [WARNING] [main    ] [mqtt] disconnected rc=128 (unknown); paho will retry [total=102]
2026-09-30 21:17:51.533 [INFO ] [main    ] [mqtt] connected (session_present=True)
2026-09-30 21:18:30.041 [WARNING] [main    ] [mqtt] disconnected rc=141 (keepalive_timeout); paho will retry [total=103]
2026-09-30 21:18:39.896 [INFO ] [main    ] [mqtt] connected (session_present=True)
2026-09-30 21:19:09.916 [WARNING] [main    ] [mqtt] disconnected rc=128 (unknown); paho will retry [total=105]
2026-09-30 21:19:15.423 [INFO ] [main    ] [mqtt] connected (session_present=True)
2026-09-30 21:20:11.426 [WARNING] [main    ] [mqtt] disconnected rc=141 (keepalive_timeout); paho will retry [total=106]
2026-09-30 21:20:15.588 [INFO ] [main    ] [mqtt] connected (session_present=True)
2026-09-30 21:21:07.135 [WARNING] [main    ] [gps] connect failed: timed out; retry in 3.0s (attempt 602, next log in 300s if still failing)
2026-09-30 21:21:13.113 [WARNING] [main    ] [mqtt] disconnected rc=141 (keepalive_timeout); paho will retry [total=108]
2026-09-30 21:21:47.785 [INFO ] [main    ] [mqtt] connected (session_present=True)
2026-09-30 21:24:19.225 [WARNING] [main    ] [mqtt] disconnected rc=141 (keepalive_timeout); paho will retry [total=111]
2026-09-30 21:24:27.544 [INFO ] [main    ] [mqtt] connected (session_present=True)
2026-09-30 21:24:28.805 [INFO ] [main    ] [as5600] detected at 0x36 (magnet_detected=False)
2026-09-30 21:24:28.817 [WARNING] [main    ] [as5600] not detected at 0x36
2026-09-30 21:25:15.680 [WARNING] [main    ] [mqtt] disconnected rc=128 (unknown); paho will retry [total=113]
2026-09-30 21:25:21.821 [INFO ] [main    ] [mqtt] connected (session_present=True)
2026-09-30 21:25:52.217 [WARNING] [main    ] [mqtt] disconnected rc=128 (unknown); paho will retry [total=114]
2026-09-30 21:25:57.489 [INFO ] [main    ] [mqtt] connected (session_present=True)
2026-09-30 21:26:07.301 [WARNING] [main    ] [gps] connect failed: timed out; retry in 3.0s (attempt 652, next log in 300s if still failing)
2026-09-30 21:27:33.869 [WARNING] [main    ] [mqtt] disconnected rc=128 (unknown); paho will retry [total=115]
2026-09-30 21:27:40.010 [INFO ] [main    ] [mqtt] connected (session_present=True)
2026-09-30 21:28:06.445 [WARNING] [main    ] [wifi] no active connection
2026-09-30 21:28:16.721 [INFO ] [main    ] [wifi] connected ssid=WINDTRE-E9B808 ip=192.168.1.25 mac=2c:cf:67:7d:14:65
2026-09-30 21:28:35.343 [WARNING] [main    ] [mqtt] disconnected rc=141 (keepalive_timeout); paho will retry [total=116]
2026-09-30 21:28:51.605 [INFO ] [main    ] [mqtt] connected (session_present=True)
2026-09-30 21:29:37.368 [WARNING] [main    ] [mqtt] disconnected rc=141 (keepalive_timeout); paho will retry [total=118]
2026-09-30 21:29:39.664 [INFO ] [main    ] [mqtt] connected (session_present=True)
2026-09-30 21:30:18.439 [WARNING] [main    ] [mqtt] disconnected rc=141 (keepalive_timeout); paho will retry [total=120]
2026-09-30 21:30:21.919 [INFO ] [main    ] [mqtt] connected (session_present=True)
2026-09-30 21:30:54.337 [WARNING] [main    ] [mqtt] disconnected rc=128 (unknown); paho will retry [total=122]
2026-09-30 21:30:57.737 [INFO ] [main    ] [mqtt] connected (session_present=True)
2026-09-30 21:31:07.470 [WARNING] [main    ] [gps] connect failed: timed out; retry in 3.0s (attempt 702, next log in 300s if still failing)
2026-09-30 21:32:46.515 [WARNING] [main    ] [mqtt] disconnected rc=128 (unknown); paho will retry [total=123]
2026-09-30 21:32:51.880 [INFO ] [main    ] [mqtt] connected (session_present=True)
2026-09-30 21:34:29.459 [WARNING] [main    ] [mqtt] disconnected rc=141 (keepalive_timeout); paho will retry [total=124]
2026-09-30 21:34:34.027 [INFO ] [main    ] [mqtt] connected (session_present=True)
2026-09-30 21:35:10.024 [WARNING] [main    ] [mqtt] disconnected rc=128 (unknown); paho will retry [total=126]
2026-09-30 21:35:16.195 [INFO ] [main    ] [mqtt] connected (session_present=True)
2026-09-30 21:35:51.490 [WARNING] [main    ] [mqtt] disconnected rc=141 (keepalive_timeout); paho will retry [total=127]
2026-09-30 21:35:58.148 [INFO ] [main    ] [mqtt] connected (session_present=True)
2026-09-30 21:36:07.626 [WARNING] [main    ] [gps] connect failed: timed out; retry in 3.0s (attempt 752, next log in 300s if still failing)
2026-09-30 21:37:09.991 [WARNING] [main    ] [mqtt] disconnected rc=128 (unknown); paho will retry [total=129]
2026-09-30 21:37:31.372 [WARNING] [main    ] [mqtt] disconnected rc=141 (keepalive_timeout); paho will retry [total=130]
2026-09-30 21:37:34.086 [INFO ] [main    ] [mqtt] connected (session_present=True)
