2026-10-02 14:19:32.511 [INFO ] [main    ] [SESSION] started id=2026-10-02_14-19-32
2026-10-02 14:19:32.512 [INFO ] [main    ] [SESSION] directory=/home/lillo97/kart_performance_monitor/system_logs/sessions/2026-10-02_14-19-32
2026-10-02 14:19:32.513 [INFO ] [main    ] [SESSION] files=glo2-telemetry.log, boot.json, raw.jsonl, events.jsonl
2026-10-02 14:19:32.513 [INFO ] [main    ] === Kart Telemetry v2.1.1 starting ===
2026-10-02 14:19:32.514 [INFO ] [main    ] [main] hostname=raspberrypi pid=661
2026-10-02 14:19:32.514 [INFO ] [main    ] [main] mqtt_client_id=RPi-KART-2ccf677d1465 broker=broker.hivemq.com:1883
2026-10-02 14:19:32.516 [INFO ] [main    ] [i2c] bus 1 opened
2026-10-02 14:19:32.517 [INFO ] [main    ] ====================================================
2026-10-02 14:19:32.517 [INFO ] [main    ] KART TELEMETRY - STARTUP CHECK
2026-10-02 14:19:32.518 [INFO ] [main    ] ====================================================
2026-10-02 14:19:32.518 [WARNING] [main    ] [check] NTC (ADC): no ADC
2026-10-02 14:19:32.519 [WARNING] [main    ] [check] AS5600 I2C: not found
2026-10-02 14:19:32.520 [INFO ] [main    ] [check] Garmin GLO2 verification in background
2026-10-02 14:19:32.520 [INFO ] [main    ] [check] WiFi verification in background
2026-10-02 14:19:32.521 [INFO ] [main    ] ====================================================
2026-10-02 14:19:32.879 [INFO ] [main    ] [wifi] active ssid=WINDTRE-E9B808 ip=192.168.1.25
2026-10-02 14:19:32.881 [INFO ] [main    ] [mqtt] connecting...
2026-10-02 14:19:32.955 [INFO ] [main    ] [wifi] keepalive started (ping gateway every 5s)
2026-10-02 14:19:32.960 [INFO ] [main    ] [gps] task started
2026-10-02 14:19:32.961 [INFO ] [main    ] [main] READY (watchdog armed, 30s)
2026-10-02 14:19:32.962 [INFO ] [main    ] [ntc] reading invalid (open circuit or disconnected)
2026-10-02 14:19:32.969 [WARNING] [main    ] [as5600] not detected at 0x36
2026-10-02 14:19:32.975 [INFO ] [main    ] [mqtt] connected (session_present=False)
2026-10-02 14:19:33.184 [INFO ] [main    ] [wifi] connected ssid=WINDTRE-E9B808 ip=192.168.1.25 mac=2c:cf:67:7d:14:65
2026-10-02 14:19:38.981 [WARNING] [main    ] [gps] connect failed: timed out; retry in 1.0s (attempt 1, next log in 300s if still failing)
2026-10-02 14:20:32.036 [WARNING] [main    ] [wifi] no active connection
2026-10-02 14:20:35.703 [WARNING] [main    ] [mqtt] disconnected rc=128 (unknown); paho will retry [total=1]
2026-10-02 14:20:41.848 [INFO ] [main    ] [mqtt] connected (session_present=True)
2026-10-02 14:20:42.391 [INFO ] [main    ] [wifi] connected ssid=WINDTRE-E9B808 ip=192.168.1.25 mac=2c:cf:67:7d:14:65
2026-10-02 14:21:48.133 [WARNING] [main    ] [mqtt] disconnected rc=128 (unknown); paho will retry [total=2]
2026-10-02 14:22:05.551 [INFO ] [main    ] [mqtt] connected (session_present=True)
2026-10-02 14:22:29.273 [WARNING] [main    ] [mqtt] disconnected rc=141 (keepalive_timeout); paho will retry [total=3]
2026-10-02 14:22:30.359 [INFO ] [main    ] [mqtt] connected (session_present=True)
2026-10-02 14:23:06.510 [WARNING] [main    ] [mqtt] disconnected rc=128 (unknown); paho will retry [total=5]
2026-10-02 14:23:12.105 [INFO ] [main    ] [mqtt] connected (session_present=True)
2026-10-02 14:23:43.602 [WARNING] [main    ] [mqtt] disconnected rc=128 (unknown); paho will retry [total=6]
2026-10-02 14:23:47.982 [INFO ] [main    ] [mqtt] connected (session_present=True)
2026-10-02 14:24:24.455 [WARNING] [main    ] [mqtt] disconnected rc=128 (unknown); paho will retry [total=7]
2026-10-02 14:24:29.714 [INFO ] [main    ] [mqtt] connected (session_present=True)
