2026-10-01 22:50:26.548 [INFO ] [main    ] [SESSION] started id=2026-10-01_22-50-26
2026-10-01 22:50:26.549 [INFO ] [main    ] [SESSION] directory=/home/lillo97/kart_performance_monitor/system_logs/sessions/2026-10-01_22-50-26
2026-10-01 22:50:26.550 [INFO ] [main    ] [SESSION] files=glo2-telemetry.log, boot.json, raw.jsonl, events.jsonl
2026-10-01 22:50:26.551 [INFO ] [main    ] === Kart Telemetry v2.1.1 starting ===
2026-10-01 22:50:26.552 [INFO ] [main    ] [main] hostname=raspberrypi pid=861
2026-10-01 22:50:26.552 [INFO ] [main    ] [main] mqtt_client_id=RPi-KART-2ccf677d1465 broker=broker.hivemq.com:1883
2026-10-01 22:50:26.554 [INFO ] [main    ] [i2c] bus 1 opened
2026-10-01 22:50:26.557 [INFO ] [main    ] ====================================================
2026-10-01 22:50:26.558 [INFO ] [main    ] KART TELEMETRY - STARTUP CHECK
2026-10-01 22:50:26.559 [INFO ] [main    ] ====================================================
2026-10-01 22:50:26.559 [WARNING] [main    ] [check] NTC (ADC): no ADC
2026-10-01 22:50:26.564 [WARNING] [main    ] [check] AS5600 I2C: not found
2026-10-01 22:50:26.565 [INFO ] [main    ] [check] Garmin GLO2 verification in background
2026-10-01 22:50:26.565 [INFO ] [main    ] [check] WiFi verification in background
2026-10-01 22:50:26.566 [INFO ] [main    ] ====================================================
2026-10-01 22:50:28.225 [INFO ] [main    ] [wifi] active ssid=iPhone di Livio ip=172.20.10.2
2026-10-01 22:50:28.233 [INFO ] [main    ] [mqtt] connecting...
2026-10-01 22:50:30.260 [INFO ] [main    ] [wifi] keepalive started (ping gateway every 5s)
2026-10-01 22:50:30.263 [INFO ] [main    ] [gps] task started
2026-10-01 22:50:30.263 [INFO ] [main    ] [main] READY (watchdog armed, 30s)
2026-10-01 22:50:30.274 [INFO ] [main    ] [ntc] reading invalid (open circuit or disconnected)
2026-10-01 22:50:30.315 [WARNING] [main    ] [as5600] not detected at 0x36
2026-10-01 22:50:30.317 [INFO ] [main    ] [mqtt] connected (session_present=True)
2026-10-01 22:50:31.805 [INFO ] [main    ] [wifi] connected ssid=iPhone di Livio ip=172.20.10.2 mac=2c:cf:67:7d:14:65
2026-10-01 22:50:36.281 [WARNING] [main    ] [gps] connect failed: timed out; retry in 1.0s (attempt 1, next log in 300s if still failing)
2026-10-01 22:51:23.143 [WARNING] [main    ] [wifi] no active connection
2026-10-01 22:51:33.558 [INFO ] [main    ] [wifi] connected ssid=iPhone di Livio ip=172.20.10.2 mac=2c:cf:67:7d:14:65
2026-10-01 22:52:58.652 [WARNING] [main    ] [mqtt] disconnected rc=141 (keepalive_timeout); paho will retry [total=1]
2026-10-01 22:53:12.229 [INFO ] [main    ] [mqtt] connected (session_present=True)
2026-10-01 22:53:40.874 [WARNING] [main    ] [mqtt] disconnected rc=141 (keepalive_timeout); paho will retry [total=3]
2026-10-01 22:53:53.942 [INFO ] [main    ] [mqtt] connected (session_present=True)
2026-10-01 22:54:22.226 [WARNING] [main    ] [mqtt] disconnected rc=141 (keepalive_timeout); paho will retry [total=5]
2026-10-01 22:54:41.626 [INFO ] [main    ] [mqtt] connected (session_present=True)
2026-10-01 22:55:04.322 [WARNING] [main    ] [mqtt] disconnected rc=141 (keepalive_timeout); paho will retry [total=7]
2026-10-01 22:55:06.174 [INFO ] [main    ] [mqtt] connected (session_present=True)
2026-10-01 22:55:45.653 [WARNING] [main    ] [mqtt] disconnected rc=128 (unknown); paho will retry [total=9]
2026-10-01 22:56:03.832 [WARNING] [main    ] [gps] connect failed: timed out; retry in 3.0s (attempt 52, next log in 300s if still failing)
2026-10-01 22:56:07.278 [WARNING] [main    ] [mqtt] disconnected rc=141 (keepalive_timeout); paho will retry [total=10]
2026-10-01 22:56:33.166 [WARNING] [main    ] [wifi] no active connection
2026-10-01 22:56:36.249 [INFO ] [main    ] [mqtt] connected (session_present=True)
2026-10-01 22:56:43.393 [INFO ] [main    ] [wifi] connected ssid=iPhone di Livio ip=172.20.10.2 mac=2c:cf:67:7d:14:65
2026-10-01 22:57:13.815 [WARNING] [main    ] [mqtt] disconnected rc=141 (keepalive_timeout); paho will retry [total=12]
2026-10-01 22:57:18.381 [INFO ] [main    ] [mqtt] connected (session_present=True)
2026-10-01 22:57:55.411 [WARNING] [main    ] [mqtt] disconnected rc=141 (keepalive_timeout); paho will retry [total=14]
2026-10-01 22:58:12.271 [INFO ] [main    ] [mqtt] connected (session_present=True)
2026-10-01 22:58:56.889 [WARNING] [main    ] [mqtt] disconnected rc=141 (keepalive_timeout); paho will retry [total=16]
2026-10-01 22:59:37.216 [INFO ] [main    ] [mqtt] connected (session_present=True)
2026-10-01 23:00:01.905 [WARNING] [main    ] [mqtt] disconnected rc=141 (keepalive_timeout); paho will retry [total=19]
2026-10-01 23:00:17.183 [INFO ] [main    ] [mqtt] connected (session_present=True)
2026-10-01 23:01:03.996 [WARNING] [main    ] [gps] connect failed: timed out; retry in 3.0s (attempt 102, next log in 300s if still failing)
2026-10-01 23:01:21.886 [WARNING] [main    ] [mqtt] disconnected rc=128 (unknown); paho will retry [total=21]
2026-10-01 23:01:42.910 [WARNING] [main    ] [mqtt] disconnected rc=141 (keepalive_timeout); paho will retry [total=22]
2026-10-01 23:01:54.490 [INFO ] [main    ] [mqtt] connected (session_present=True)
2026-10-01 23:02:24.991 [WARNING] [main    ] [mqtt] disconnected rc=141 (keepalive_timeout); paho will retry [total=23]
2026-10-01 23:02:42.268 [INFO ] [main    ] [mqtt] connected (session_present=True)
2026-10-01 23:03:27.203 [WARNING] [main    ] [mqtt] disconnected rc=141 (keepalive_timeout); paho will retry [total=25]
2026-10-01 23:03:42.516 [INFO ] [main    ] [mqtt] connected (session_present=True)
2026-10-01 23:04:09.090 [WARNING] [main    ] [mqtt] disconnected rc=141 (keepalive_timeout); paho will retry [total=27]
2026-10-01 23:04:36.531 [INFO ] [main    ] [mqtt] connected (session_present=True)
2026-10-01 23:05:13.977 [WARNING] [main    ] [mqtt] disconnected rc=141 (keepalive_timeout); paho will retry [total=30]
2026-10-01 23:05:30.922 [INFO ] [main    ] [mqtt] connected (session_present=True)
2026-10-01 23:05:55.296 [WARNING] [main    ] [mqtt] disconnected rc=141 (keepalive_timeout); paho will retry [total=32]
2026-10-01 23:06:04.149 [WARNING] [main    ] [gps] connect failed: timed out; retry in 3.0s (attempt 152, next log in 300s if still failing)
