2026-09-30 12:24:11.190 [INFO ] [main    ] [SESSION] started id=2026-09-30_12-24-11
2026-09-30 12:24:11.191 [INFO ] [main    ] [SESSION] directory=/home/lillo97/kart_performance_monitor/system_logs/sessions/2026-09-30_12-24-11
2026-09-30 12:24:11.191 [INFO ] [main    ] [SESSION] files=glo2-telemetry.log, boot.json, raw.jsonl, events.jsonl
2026-09-30 12:24:11.191 [INFO ] [main    ] === Kart Telemetry v2.1.1 starting ===
2026-09-30 12:24:11.192 [INFO ] [main    ] [main] hostname=raspberrypi pid=658
2026-09-30 12:24:11.192 [INFO ] [main    ] [main] mqtt_client_id=RPi-KART-2ccf677d1465 broker=broker.hivemq.com:1883
2026-09-30 12:24:11.193 [INFO ] [main    ] [i2c] bus 1 opened
2026-09-30 12:24:11.194 [INFO ] [main    ] ====================================================
2026-09-30 12:24:11.194 [INFO ] [main    ] KART TELEMETRY - STARTUP CHECK
2026-09-30 12:24:11.194 [INFO ] [main    ] ====================================================
2026-09-30 12:24:11.195 [WARNING] [main    ] [check] NTC (ADC): no ADC
2026-09-30 12:24:11.196 [WARNING] [main    ] [check] AS5600 I2C: not found
2026-09-30 12:24:11.196 [INFO ] [main    ] [check] Garmin GLO2 verification in background
2026-09-30 12:24:11.196 [INFO ] [main    ] [check] WiFi verification in background
2026-09-30 12:24:11.197 [INFO ] [main    ] ====================================================
2026-09-30 12:24:11.550 [INFO ] [main    ] [wifi] active ssid=WINDTRE-E9B808 ip=192.168.1.25
2026-09-30 12:24:11.552 [INFO ] [main    ] [mqtt] connecting...
2026-09-30 12:24:11.691 [INFO ] [main    ] [wifi] keepalive started (ping gateway every 30s)
2026-09-30 12:24:11.693 [INFO ] [main    ] [gps] task started
2026-09-30 12:24:11.696 [INFO ] [main    ] [main] READY (watchdog armed, 30s)
2026-09-30 12:24:11.697 [INFO ] [main    ] [ntc] reading invalid (open circuit or disconnected)
2026-09-30 12:24:11.704 [WARNING] [main    ] [as5600] not detected at 0x36
2026-09-30 12:24:11.929 [INFO ] [main    ] [wifi] connected ssid=WINDTRE-E9B808 ip=192.168.1.25 mac=2c:cf:67:7d:14:65
2026-09-30 12:24:17.695 [WARNING] [main    ] [gps] connect failed: timed out; retry in 1.0s (attempt 1, next log in 300s if still failing)
2026-09-30 12:24:26.660 [INFO ] [main    ] [mqtt] connected (session_present=False)
2026-09-30 15:30:59.755 [WARNING] [main    ] [wifi] no active connection
2026-09-30 15:31:10.020 [INFO ] [main    ] [wifi] connected ssid=WINDTRE-E9B808 ip=192.168.1.25 mac=2c:cf:67:7d:14:65
2026-09-30 15:32:03.578 [WARNING] [main    ] [mqtt] disconnected rc=128 (unknown); paho will retry [total=1]
2026-09-30 15:32:09.206 [INFO ] [main    ] [mqtt] connected (session_present=True)
2026-09-30 15:32:44.676 [WARNING] [main    ] [mqtt] disconnected rc=141 (keepalive_timeout); paho will retry [total=2]
2026-09-30 15:33:02.858 [INFO ] [main    ] [mqtt] connected (session_present=True)
2026-09-30 15:33:26.562 [WARNING] [main    ] [mqtt] disconnected rc=141 (keepalive_timeout); paho will retry [total=4]
2026-09-30 15:33:48.816 [INFO ] [main    ] [mqtt] connected (session_present=True)
2026-09-30 15:34:29.689 [WARNING] [main    ] [mqtt] disconnected rc=141 (keepalive_timeout); paho will retry [total=6]
2026-09-30 15:34:39.320 [INFO ] [main    ] [mqtt] connected (session_present=True)
2026-09-30 15:35:30.817 [WARNING] [main    ] [gps] connect failed: timed out; retry in 3.0s (attempt 52, next log in 300s if still failing)
2026-09-30 15:35:51.753 [WARNING] [main    ] [mqtt] disconnected rc=141 (keepalive_timeout); paho will retry [total=8]
2026-09-30 15:35:57.190 [INFO ] [main    ] [mqtt] connected (session_present=True)
2026-09-30 15:36:11.261 [WARNING] [main    ] [wifi] no active connection
2026-09-30 15:36:21.533 [INFO ] [main    ] [wifi] connected ssid=WINDTRE-E9B808 ip=192.168.1.25 mac=2c:cf:67:7d:14:65
2026-09-30 15:36:33.734 [WARNING] [main    ] [mqtt] disconnected rc=141 (keepalive_timeout); paho will retry [total=10]
2026-09-30 15:36:57.652 [INFO ] [main    ] [mqtt] connected (session_present=True)
2026-09-30 15:37:37.742 [WARNING] [main    ] [mqtt] disconnected rc=141 (keepalive_timeout); paho will retry [total=13]
2026-09-30 15:37:39.783 [INFO ] [main    ] [mqtt] connected (session_present=True)
2026-09-30 15:38:18.834 [WARNING] [main    ] [mqtt] disconnected rc=141 (keepalive_timeout); paho will retry [total=15]
2026-09-30 15:38:33.207 [INFO ] [main    ] [mqtt] connected (session_present=True)
2026-09-30 15:39:00.767 [WARNING] [main    ] [mqtt] disconnected rc=141 (keepalive_timeout); paho will retry [total=17]
2026-09-30 15:39:15.881 [INFO ] [main    ] [mqtt] connected (session_present=True)
2026-09-30 15:39:42.683 [WARNING] [main    ] [mqtt] disconnected rc=141 (keepalive_timeout); paho will retry [total=19]
2026-09-30 15:40:21.437 [INFO ] [main    ] [mqtt] connected (session_present=True)
2026-09-30 15:40:30.981 [WARNING] [main    ] [gps] connect failed: timed out; retry in 3.0s (attempt 102, next log in 300s if still failing)
2026-09-30 15:40:37.350 [WARNING] [main    ] [wifi] no active connection
2026-09-30 15:40:45.832 [WARNING] [main    ] [mqtt] disconnected rc=141 (keepalive_timeout); paho will retry [total=22]
2026-09-30 15:40:57.789 [WARNING] [main    ] [wifi] no active connection
2026-09-30 15:41:48.858 [INFO ] [main    ] [wifi] connected ssid=WINDTRE-E9B808 ip=192.168.1.25 mac=2c:cf:67:7d:14:65
2026-09-30 15:42:21.248 [INFO ] [main    ] [mqtt] connected (session_present=True)
2026-09-30 15:42:22.315 [WARNING] [main    ] [wifi] no active connection
2026-09-30 15:42:32.555 [INFO ] [main    ] [wifi] connected ssid=WINDTRE-E9B808 ip=192.168.1.25 mac=2c:cf:67:7d:14:65
2026-09-30 15:43:06.863 [WARNING] [main    ] [mqtt] disconnected rc=141 (keepalive_timeout); paho will retry [total=25]
2026-09-30 15:43:09.951 [INFO ] [main    ] [mqtt] connected (session_present=True)
2026-09-30 15:45:09.083 [WARNING] [main    ] [mqtt] disconnected rc=141 (keepalive_timeout); paho will retry [total=27]
2026-09-30 15:45:26.864 [WARNING] [main    ] [wifi] no active connection
2026-09-30 15:45:31.129 [WARNING] [main    ] [gps] connect failed: timed out; retry in 3.0s (attempt 152, next log in 300s if still failing)
2026-09-30 15:45:37.066 [WARNING] [main    ] [wifi] no active connection
