2026-09-30 21:37:47.143 [INFO ] [main    ] [SESSION] started id=2026-09-30_21-37-47
2026-09-30 21:37:47.144 [INFO ] [main    ] [SESSION] directory=/home/lillo97/kart_performance_monitor/system_logs/sessions/2026-09-30_21-37-47
2026-09-30 21:37:47.144 [INFO ] [main    ] [SESSION] files=glo2-telemetry.log, boot.json, raw.jsonl, events.jsonl
2026-09-30 21:37:47.145 [INFO ] [main    ] === Kart Telemetry v2.1.1 starting ===
2026-09-30 21:37:47.145 [INFO ] [main    ] [main] hostname=raspberrypi pid=665
2026-09-30 21:37:47.145 [INFO ] [main    ] [main] mqtt_client_id=RPi-KART-2ccf677d1465 broker=broker.hivemq.com:1883
2026-09-30 21:37:47.147 [INFO ] [main    ] [i2c] bus 1 opened
2026-09-30 21:37:47.147 [INFO ] [main    ] ====================================================
2026-09-30 21:37:47.148 [INFO ] [main    ] KART TELEMETRY - STARTUP CHECK
2026-09-30 21:37:47.148 [INFO ] [main    ] ====================================================
2026-09-30 21:37:47.148 [WARNING] [main    ] [check] NTC (ADC): no ADC
2026-09-30 21:37:47.149 [WARNING] [main    ] [check] AS5600 I2C: not found
2026-09-30 21:37:47.149 [INFO ] [main    ] [check] Garmin GLO2 verification in background
2026-09-30 21:37:47.150 [INFO ] [main    ] [check] WiFi verification in background
2026-09-30 21:37:47.150 [INFO ] [main    ] ====================================================
2026-09-30 21:37:47.519 [INFO ] [main    ] [wifi] active ssid=iPhone di Livio ip=172.20.10.2
2026-09-30 21:37:47.521 [INFO ] [main    ] [mqtt] connecting...
2026-09-30 21:37:47.857 [INFO ] [main    ] [wifi] keepalive started (ping gateway every 30s)
2026-09-30 21:37:47.859 [INFO ] [main    ] [gps] task started
2026-09-30 21:37:47.860 [INFO ] [main    ] [main] READY (watchdog armed, 30s)
2026-09-30 21:37:47.861 [INFO ] [main    ] [ntc] reading invalid (open circuit or disconnected)
2026-09-30 21:37:47.862 [WARNING] [main    ] [as5600] not detected at 0x36
2026-09-30 21:37:47.903 [INFO ] [main    ] [mqtt] connected (session_present=True)
2026-09-30 21:37:48.206 [INFO ] [main    ] [wifi] connected ssid=iPhone di Livio ip=172.20.10.2 mac=2c:cf:67:7d:14:65
2026-09-30 21:37:53.863 [WARNING] [main    ] [gps] connect failed: timed out; retry in 1.0s (attempt 1, next log in 300s if still failing)
2026-09-30 21:37:54.923 [INFO ] [main    ] [gps] connected to 14:13:0B:C0:B2:1E (socket RFCOMM)
2026-09-30 21:37:55.030 [INFO ] [main    ] [gps] first NMEA: $GPRMC,193853.8,V,4529.633228,N,00912.42...
2026-09-30 21:39:24.175 [WARNING] [main    ] [wifi] no active connection
2026-09-30 21:39:34.574 [INFO ] [main    ] [wifi] connected ssid=iPhone di Livio ip=172.20.10.2 mac=2c:cf:67:7d:14:65
2026-09-30 21:55:05.286 [INFO ] [main    ] [as5600] detected at 0x36 (magnet_detected=False)
2026-09-30 21:55:05.304 [WARNING] [main    ] [as5600] not detected at 0x36
2026-09-30 22:10:25.826 [WARNING] [main    ] [wifi] no active connection
2026-09-30 22:10:36.048 [INFO ] [main    ] [wifi] connected ssid=iPhone di Livio ip=172.20.10.2 mac=2c:cf:67:7d:14:65
2026-09-30 22:15:35.463 [WARNING] [main    ] [wifi] no active connection
2026-09-30 22:15:45.750 [INFO ] [main    ] [wifi] connected ssid=iPhone di Livio ip=172.20.10.2 mac=2c:cf:67:7d:14:65
2026-09-30 22:17:17.906 [INFO ] [main    ] [as5600] detected at 0x36 (magnet_detected=False)
2026-09-30 22:17:17.917 [WARNING] [main    ] [as5600] not detected at 0x36
2026-09-30 22:40:38.467 [WARNING] [main    ] [mqtt] disconnected rc=128 (unknown); paho will retry [total=1]
2026-09-30 22:40:48.906 [INFO ] [main    ] [mqtt] connected (session_present=True)
2026-09-30 22:41:26.219 [WARNING] [main    ] [wifi] no active connection
2026-09-30 22:41:36.432 [INFO ] [main    ] [wifi] connected ssid=iPhone di Livio ip=172.20.10.2 mac=2c:cf:67:7d:14:65
2026-09-30 22:51:46.361 [WARNING] [main    ] [wifi] no active connection
2026-09-30 22:51:56.580 [INFO ] [main    ] [wifi] connected ssid=iPhone di Livio ip=172.20.10.2 mac=2c:cf:67:7d:14:65
